esptool v5.2.0
Serial port COM35:
Connecting...
Connected to ESP32-S3 on COM35:
Chip type:          ESP32-S3-PICO-1 (LGA56) (revision v0.2)
Features:           Wi-Fi, BT 5 (LE), Dual Core + LP Core, 240MHz, Embedded Flash 8MB (GD), Embedded PSRAM 8MB (AP_3v3)
Crystal frequency:  40MHz
USB mode:           USB-Serial/JTAG
MAC:                98:88:e0:0e:dc:64

Uploading stub flasher...
Running stub flasher...
Stub flasher running.
Changing baud rate to 921600...
Changed.

Configuring flash size...
Flash will be erased from 0x00000000 to 0x00023fff...
Compressed 143604 bytes to 71163...

Writing at 0x00000000 [                              ]   0.0% 0/71163 bytes...

Writing at 0x00006aeb [=====>                        ]  23.0% 16384/71163 bytes...

Writing at 0x0000d370 [============>                 ]  46.0% 32768/71163 bytes...

Writing at 0x000141a5 [===================>          ]  69.1% 49152/71163 bytes...

Writing at 0x0001bf3d [==========================>   ]  92.1% 65536/71163 bytes...

Writing at 0x000230f4 [==============================] 100.0% 71163/71163 bytes...
Wrote 143604 bytes (71163 compressed) at 0x00000000 in 1.0 seconds (1145.5 kbit/s).
Verifying written data...
Hash of data verified.

Hard resetting with a watchdog...
