-- west build: generating a build system
Loading Zephyr default modules (Zephyr base).
-- Application: /repo/app
-- CMake version: 3.28.3
-- Found Python3: /opt/python/venv/bin/python3 (found suitable version "3.12.3", minimum required is "3.12") found components: Interpreter
-- Cache files will be written to: /root/.cache/zephyr
-- Zephyr version: 4.4.99 (/work/zephyr)
-- Found west (found suitable version "1.5.0", minimum required is "0.14.0")
-- Board: m5stack_sticks3, qualifiers: esp32s3/procpu
-- Found host-tools: zephyr 1.0.1 (/opt/toolchains/zephyr-sdk-1.0.1)
-- Found toolchain: zephyr 1.0.1 (/opt/toolchains/zephyr-sdk-1.0.1)
-- Found Dtc: /opt/toolchains/zephyr-sdk-1.0.1/hosttools/sysroots/x86_64-pokysdk-linux/usr/bin/dtc (found suitable version "1.7.0", minimum required is "1.4.6")
-- Found BOARD.dts: /work/zephyr/boards/m5stack/m5stack_sticks3/m5stack_sticks3_procpu.dts
-- Found devicetree overlay: /repo/app/boards/m5stack_sticks3_esp32s3_procpu.overlay
-- Generated zephyr.dts: /work/hw-baseline/zephyr/zephyr.dts
-- Generated pickled edt: /work/hw-baseline/zephyr/edt.pickle
-- Generated devicetree_generated.h: /work/hw-baseline/zephyr/include/generated/zephyr/devicetree_generated.h
Parsing /repo/app/Kconfig
Loaded configuration '/work/zephyr/boards/m5stack/m5stack_sticks3/m5stack_sticks3_procpu_defconfig'
Merged configuration '/repo/app/prj.conf'
Configuration saved to '/work/hw-baseline/zephyr/.config'
Kconfig header saved to '/work/hw-baseline/zephyr/include/generated/zephyr/autoconf.h'
-- Found Ccache: /usr/local/bin/ccache (found suitable version "4.13.2", minimum required is "4.12")
-- Found GnuLd: /opt/toolchains/zephyr-sdk-1.0.1/gnu/xtensa-espressif_esp32s3_zephyr-elf/xtensa-espressif_esp32s3_zephyr-elf/bin/ld.bfd (found version "2.43.1")
-- The C compiler identification is GNU 14.3.0
-- The CXX compiler identification is GNU 14.3.0
-- The ASM compiler identification is GNU
-- Found assembler: /opt/toolchains/zephyr-sdk-1.0.1/gnu/xtensa-espressif_esp32s3_zephyr-elf/bin/xtensa-espressif_esp32s3_zephyr-elf-gcc
-- Espressif HAL path: /work/modules/hal/espressif
-- Image partition address: 0x0
-- Using ccache: /usr/local/bin/ccache
-- Found gen_kobject_list: /work/zephyr/scripts/build/gen_kobject_list.py
CMake Warning at /work/zephyr/CMakeLists.txt:1085 (message):
  No SOURCES given to Zephyr library: ..__..__repo__drivers__audio

  Excluding target from build.


CMake Warning at /work/zephyr/CMakeLists.txt:1085 (message):
  No SOURCES given to Zephyr library: ..__..__repo__drivers__mfd

  Excluding target from build.


-- Configuring done (16.9s)
-- Generating done (0.1s)
-- Build files have been written to: /work/hw-baseline
-- west build: building application
[1/312] Preparing syscall dependency handling

[2/312] Generating ../../../../include/generated/zephyr/core-isa-dM.h
[3/312] Generating include/generated/zephyr/version.h
-- Zephyr version: 4.4.99 (/work/zephyr), build: 434233e9751e
[4/312] Generating ../../../../include/generated/xtensa_vectors.ld
[5/312] Generating ../../../../include/generated/zephyr/zsr.h
[6/312] Generating misc/generated/syscalls_subdirs.trigger
[7/312] Generating misc/generated/syscalls.json, misc/generated/struct_tags.json
[8/312] Generating include/generated/device-api-sections.ld, include/generated/device-api-sections.cmake
[9/312] Generating include/generated/zephyr/syscall_dispatch.c, include/generated/zephyr/syscall_exports_llext.c, syscall_weakdefs_llext.c, include/generated/zephyr/syscall_list.h
[10/312] Generating include/generated/zephyr/driver-validation.h
[11/312] Generating include/generated/zephyr/kobj-types-enum.h, include/generated/zephyr/otype-to-str.h, include/generated/zephyr/otype-to-size.h
[12/312] Building C object zephyr/lib/heap/CMakeFiles/heap_constants.dir/heap_constants.c.obj
[13/312] Generating ../../include/generated/zephyr/heap_constants.h
[14/312] Building C object zephyr/CMakeFiles/offsets.dir/arch/xtensa/core/offsets/offsets.c.obj
[15/312] Generating include/generated/zephyr/offsets.h
[16/312] Building C object CMakeFiles/app.dir/src/font.c.obj
[17/312] Building C object CMakeFiles/app.dir/src/battery.c.obj
[18/312] Building C object zephyr/CMakeFiles/zephyr.dir/lib/libc/validate_libc.c.obj
[19/312] Building C object CMakeFiles/app.dir/src/status.c.obj
/repo/app/src/status.c: In function 'read_soc_pct':
/repo/app/src/status.c:141:9: warning: 'FUEL_GAUGE_RELATIVE_STATE_OF_CHARGE' is deprecated [-Wdeprecated-declarations]
  141 |         if (fuel_gauge_get_prop(fuel_gauge, FUEL_GAUGE_RELATIVE_STATE_OF_CHARGE,
      |         ^~
In file included from /repo/app/src/status.c:7:
/work/zephyr/include/zephyr/drivers/fuel_gauge.h:91:9: note: declared here
   91 |         FUEL_GAUGE_RELATIVE_STATE_OF_CHARGE __deprecated = FUEL_GAUGE_RELATIVE_STATE_OF_CHARGE_PCT,
      |         ^~~~~~~~~~~~~~~~~~~~~~~~~~~~~~~~~~~
/repo/app/src/status.c:146:9: warning: 'relative_state_of_charge' is deprecated [-Wdeprecated-declarations]
  146 |         return (int)val.relative_state_of_charge;
      |         ^~~~~~
/work/zephyr/include/zephyr/drivers/fuel_gauge.h:301:30: note: declared here
  301 |         __deprecated uint8_t relative_state_of_charge;
      |                              ^~~~~~~~~~~~~~~~~~~~~~~~
[20/312] Building C object zephyr/CMakeFiles/zephyr.dir/lib/os/boot_banner.c.obj
[21/312] Building C object zephyr/CMakeFiles/zephyr.dir/lib/os/clock.c.obj
[22/312] Building C object CMakeFiles/app.dir/src/main.c.obj
[23/312] Building C object CMakeFiles/app.dir/src/gfx.c.obj
[24/312] Building C object zephyr/CMakeFiles/zephyr.dir/lib/os/printk.c.obj
[25/312] Building C object CMakeFiles/app.dir/src/ui.c.obj
[26/312] Building C object zephyr/CMakeFiles/zephyr.dir/lib/utils/dec.c.obj
[27/312] Linking C static library app/libapp.a
[28/312] Building C object zephyr/CMakeFiles/zephyr.dir/lib/utils/set.c.obj
[29/312] Building C object zephyr/CMakeFiles/zephyr.dir/lib/os/cbprintf_packaged.c.obj
[30/312] Building C object zephyr/CMakeFiles/zephyr.dir/lib/utils/hex.c.obj
[31/312] Building C object zephyr/CMakeFiles/zephyr.dir/lib/os/assert.c.obj
[32/312] Building C object zephyr/CMakeFiles/zephyr.dir/lib/os/cbprintf_complete.c.obj
[33/312] Building C object zephyr/CMakeFiles/zephyr.dir/lib/heap/heap.c.obj
[34/312] Building C object zephyr/CMakeFiles/zephyr.dir/lib/os/mpsc_pbuf.c.obj
[35/312] Building C object zephyr/CMakeFiles/zephyr.dir/lib/utils/bitmask.c.obj
[36/312] Building C object zephyr/CMakeFiles/zephyr.dir/lib/utils/timeutil.c.obj
[37/312] Building C object zephyr/CMakeFiles/zephyr.dir/lib/utils/rb.c.obj
[38/312] Building C object zephyr/CMakeFiles/zephyr.dir/misc/generated/configs.c.obj
[39/312] Building C object zephyr/CMakeFiles/zephyr.dir/lib/utils/getopt/getopt.c.obj
[40/312] Building C object zephyr/CMakeFiles/zephyr.dir/lib/utils/getopt/getopt_common.c.obj
[41/312] Building C object zephyr/CMakeFiles/zephyr.dir/lib/utils/ring_buffer.c.obj
[42/312] Building C object zephyr/CMakeFiles/zephyr.dir/lib/word_granular_access/word_granular_access_string.c.obj
[43/312] Building C object zephyr/CMakeFiles/zephyr.dir/lib/utils/notify.c.obj
[44/312] Building C object zephyr/CMakeFiles/zephyr.dir/lib/utils/bitarray.c.obj
[45/312] Building C object zephyr/CMakeFiles/zephyr.dir/soc/espressif/common/instr_mem.c.obj
[46/312] Building C object zephyr/CMakeFiles/zephyr.dir/lib/utils/onoff.c.obj
[47/312] Building C object zephyr/CMakeFiles/zephyr.dir/soc/espressif/esp32s3/esp32s3-mp.c.obj
[48/312] Building C object zephyr/CMakeFiles/zephyr.dir/subsys/logging/log_cache.c.obj
[49/312] Building C object zephyr/CMakeFiles/zephyr.dir/soc/espressif/esp32s3/soc.c.obj
[50/312] Building C object zephyr/CMakeFiles/zephyr.dir/soc/espressif/esp32s3/hw_init.c.obj
[51/312] Building C object zephyr/CMakeFiles/zephyr.dir/subsys/logging/log_mgmt.c.obj
[52/312] Building C object zephyr/CMakeFiles/zephyr.dir/subsys/logging/log_core.c.obj
[53/312] Building C object zephyr/CMakeFiles/zephyr.dir/subsys/logging/log_msg.c.obj
[54/312] Building C object zephyr/CMakeFiles/zephyr.dir/subsys/logging/backends/log_backend_uart.c.obj
[55/312] Building C object zephyr/CMakeFiles/zephyr.dir/subsys/tracing/tracing_none.c.obj
[56/312] Building C object zephyr/CMakeFiles/zephyr.dir/soc/espressif/common/loader.c.obj
[57/312] Building C object zephyr/CMakeFiles/zephyr.dir/subsys/logging/log_output.c.obj
[58/312] Building C object zephyr/CMakeFiles/zephyr.dir/work/modules/hal/espressif/components/efuse/src/esp_efuse_fields.c.obj
[59/312] Building C object zephyr/CMakeFiles/zephyr.dir/work/modules/hal/espressif/components/efuse/src/esp_efuse_api.c.obj
[60/312] Building C object zephyr/CMakeFiles/zephyr.dir/drivers/mipi_dbi/mipi_dbi_spi.c.obj
[61/312] Building C object zephyr/CMakeFiles/zephyr.dir/work/modules/hal/espressif/components/efuse/esp32s3/esp_efuse_fields.c.obj
[62/312] Building C object zephyr/CMakeFiles/zephyr.dir/work/modules/hal/espressif/components/efuse/esp32s3/esp_efuse_table.c.obj
[63/312] Building C object zephyr/CMakeFiles/zephyr.dir/work/modules/hal/espressif/components/efuse/esp32s3/esp_efuse_utility.c.obj
[64/312] Building C object zephyr/CMakeFiles/zephyr.dir/work/modules/hal/espressif/components/efuse/src/esp_efuse_utility.c.obj
[65/312] Building C object zephyr/CMakeFiles/zephyr.dir/work/modules/hal/espressif/components/esp_hal_mspi/spi_flash_encrypt_hal_iram.c.obj
[66/312] Building C object zephyr/CMakeFiles/zephyr.dir/work/modules/hal/espressif/components/esp_hw_support/esp_gpio_reserve.c.obj
[67/312] Building C object zephyr/CMakeFiles/zephyr.dir/work/modules/hal/espressif/components/bootloader_support/src/flash_encrypt.c.obj
[68/312] Building C object zephyr/CMakeFiles/zephyr.dir/work/modules/hal/espressif/components/esp_hal_mspi/spi_flash_hal_iram.c.obj
[69/312] Building C object zephyr/CMakeFiles/zephyr.dir/work/modules/hal/espressif/components/efuse/src/efuse_controller/keys/with_key_purposes/esp_efuse_api_key.c.obj
[70/312] Building C object zephyr/CMakeFiles/zephyr.dir/work/modules/hal/espressif/components/esp_hal_mspi/spi_flash_hal_gpspi.c.obj
[71/312] Building C object zephyr/CMakeFiles/zephyr.dir/work/modules/hal/espressif/components/spi_flash/esp32s3/spi_flash_oct_flash_init.c.obj
[72/312] Building C object zephyr/CMakeFiles/zephyr.dir/work/modules/hal/espressif/components/esp_hal_mspi/spi_flash_hal.c.obj
[73/312] Building C object zephyr/CMakeFiles/zephyr.dir/work/modules/hal/espressif/components/spi_flash/flash_mmap.c.obj
[74/312] Building C object zephyr/CMakeFiles/zephyr.dir/work/modules/hal/espressif/components/spi_flash/spi_flash_chip_boya.c.obj
[75/312] Building C object zephyr/CMakeFiles/zephyr.dir/work/modules/hal/espressif/components/spi_flash/esp_flash_spi_init.c.obj
[76/312] Building C object zephyr/CMakeFiles/zephyr.dir/work/modules/hal/espressif/components/spi_flash/esp_flash_api.c.obj
[77/312] Building C object zephyr/CMakeFiles/zephyr.dir/work/modules/hal/espressif/components/spi_flash/memspi_host_driver.c.obj
[78/312] Building C object zephyr/CMakeFiles/zephyr.dir/work/modules/hal/espressif/components/spi_flash/flash_ops.c.obj
[79/312] Building C object zephyr/CMakeFiles/zephyr.dir/work/modules/hal/espressif/components/spi_flash/spi_flash_chip_drivers.c.obj
[80/312] Building C object zephyr/CMakeFiles/zephyr.dir/work/modules/hal/espressif/components/spi_flash/spi_flash_chip_gd.c.obj
[81/312] Building C object zephyr/CMakeFiles/zephyr.dir/work/modules/hal/espressif/components/spi_flash/spi_flash_chip_issi.c.obj
[82/312] Building C object zephyr/CMakeFiles/zephyr.dir/work/modules/hal/espressif/components/spi_flash/spi_flash_chip_th.c.obj
[83/312] Building C object zephyr/CMakeFiles/zephyr.dir/work/modules/hal/espressif/components/spi_flash/spi_flash_chip_mxic.c.obj
[84/312] Building C object zephyr/CMakeFiles/zephyr.dir/work/modules/hal/espressif/components/spi_flash/spi_flash_chip_winbond.c.obj
[85/312] Building C object zephyr/CMakeFiles/zephyr.dir/work/modules/hal/espressif/components/spi_flash/spi_flash_hpm_enable.c.obj
[86/312] Building C object zephyr/CMakeFiles/zephyr.dir/work/modules/hal/espressif/components/spi_flash/spi_flash_chip_generic.c.obj
[87/312] Building C object zephyr/CMakeFiles/zephyr.dir/work/modules/hal/espressif/components/spi_flash/spi_flash_os_func_noos.c.obj
[88/312] Building C object zephyr/CMakeFiles/zephyr.dir/work/modules/hal/espressif/components/spi_flash/spi_flash_wrap.c.obj
[89/312] Building C object zephyr/CMakeFiles/zephyr.dir/work/modules/hal/espressif/components/spi_flash/spi_flash_chip_mxic_opi.c.obj
[90/312] Building C object zephyr/CMakeFiles/zephyr.dir/work/modules/hal/espressif/components/spi_flash/spi_flash_os_func_app.c.obj
[91/312] Building C object zephyr/CMakeFiles/zephyr.dir/work/modules/hal/espressif/components/esp_hal_gpspi/esp32s3/spi_periph.c.obj
[92/312] Building C object zephyr/CMakeFiles/zephyr.dir/work/modules/hal/espressif/components/esp_hal_uart/uart_hal_iram.c.obj
[93/312] Building C object zephyr/CMakeFiles/zephyr.dir/work/modules/hal/espressif/components/esp_hal_dma/gdma_hal_top.c.obj
[94/312] Building C object zephyr/CMakeFiles/zephyr.dir/work/modules/hal/espressif/components/esp_hal_gpspi/spi_hal.c.obj
[95/312] Building C object zephyr/CMakeFiles/zephyr.dir/work/modules/hal/espressif/components/esp_hal_uart/uart_hal.c.obj
[96/312] Building C object zephyr/CMakeFiles/zephyr.dir/work/modules/hal/espressif/components/spi_flash/cache_utils.c.obj
[97/312] Building C object zephyr/CMakeFiles/zephyr.dir/work/modules/hal/espressif/components/esp_hal_security/mpu_hal.c.obj
[98/312] Building C object zephyr/CMakeFiles/zephyr.dir/work/modules/hal/espressif/components/esp_hal_i2c/i2c_hal_iram.c.obj
[99/312] Building C object zephyr/CMakeFiles/zephyr.dir/work/modules/hal/espressif/components/esp_hal_i2c/i2c_hal.c.obj
[100/312] Building C object zephyr/CMakeFiles/zephyr.dir/work/modules/hal/espressif/components/esp_hal_dma/gdma_hal_ahb_v1.c.obj
[101/312] Building C object zephyr/CMakeFiles/zephyr.dir/work/modules/hal/espressif/components/esp_hal_ana_conv/esp32s3/temperature_sensor_periph.c.obj
[102/312] Building C object zephyr/CMakeFiles/zephyr.dir/work/modules/hal/espressif/components/bootloader_support/src/bootloader_clock_init.c.obj
[103/312] Building C object zephyr/CMakeFiles/zephyr.dir/work/modules/hal/espressif/zephyr/common/console_init.c.obj
[104/312] Building C object zephyr/CMakeFiles/zephyr.dir/work/modules/hal/espressif/components/esp_hal_gpspi/spi_hal_iram.c.obj
[105/312] Building C object zephyr/CMakeFiles/zephyr.dir/work/modules/hal/espressif/components/bootloader_support/bootloader_flash/src/flash_qio_mode.c.obj
[106/312] Building C object zephyr/CMakeFiles/zephyr.dir/work/modules/hal/espressif/components/esp_hal_gpio/esp32s3/rtc_io_periph.c.obj
[107/312] Building C object zephyr/CMakeFiles/zephyr.dir/work/modules/hal/espressif/zephyr/common/soc_init.c.obj
[108/312] Building C object zephyr/CMakeFiles/zephyr.dir/work/modules/hal/espressif/components/bootloader_support/bootloader_flash/src/bootloader_flash_config_esp32s3.c.obj
[109/312] Building C object zephyr/CMakeFiles/zephyr.dir/work/modules/hal/espressif/components/esp_hal_gpio/rtc_io_hal.c.obj
[110/312] Building C object zephyr/CMakeFiles/zephyr.dir/work/modules/hal/espressif/components/esp_hal_wdt/xt_wdt_hal.c.obj
[111/312] Building C object zephyr/CMakeFiles/zephyr.dir/work/modules/hal/espressif/components/esp_hal_systimer/systimer_hal.c.obj
[112/312] Building C object zephyr/CMakeFiles/zephyr.dir/work/modules/hal/espressif/components/esp_hal_clock/esp32s3/clk_tree_hal.c.obj
[113/312] Building C object zephyr/CMakeFiles/zephyr.dir/work/modules/hal/espressif/components/esp_hal_ana_conv/temperature_sensor_hal.c.obj
[114/312] Building C object zephyr/CMakeFiles/zephyr.dir/work/modules/hal/espressif/components/esp_hw_support/clk_ctrl_os.c.obj
[115/312] Building C object zephyr/CMakeFiles/zephyr.dir/work/modules/hal/espressif/components/esp_hal_wdt/wdt_hal_iram.c.obj
[116/312] Building C object zephyr/CMakeFiles/zephyr.dir/work/modules/hal/espressif/components/esp_driver_gpio/src/rtc_io.c.obj
[117/312] Building C object zephyr/CMakeFiles/zephyr.dir/work/modules/hal/espressif/components/esp_hw_support/esp_memory_utils.c.obj
[118/312] Building C object zephyr/CMakeFiles/zephyr.dir/work/modules/hal/espressif/components/esp_hw_support/cpu.c.obj
[119/312] Building C object zephyr/CMakeFiles/zephyr.dir/work/modules/hal/espressif/components/esp_hw_support/esp_clk.c.obj
[120/312] Building C object zephyr/CMakeFiles/zephyr.dir/work/modules/hal/espressif/components/esp_hw_support/adc_share_hw_ctrl.c.obj
[121/312] Building C object zephyr/CMakeFiles/zephyr.dir/work/modules/hal/espressif/components/esp_hw_support/hw_random.c.obj
[122/312] Building C object zephyr/CMakeFiles/zephyr.dir/work/modules/hal/espressif/components/esp_hw_support/mac_addr.c.obj
[123/312] Building C object zephyr/CMakeFiles/zephyr.dir/work/modules/hal/espressif/components/esp_hw_support/port/esp32s3/cpu_region_protect.c.obj
[124/312] Building C object zephyr/CMakeFiles/zephyr.dir/work/modules/hal/espressif/components/esp_hw_support/mspi/mspi_timing_tuning/port/esp32s3/mspi_timing_config.c.obj
[125/312] Building C object zephyr/CMakeFiles/zephyr.dir/work/modules/hal/espressif/components/esp_hw_support/port/esp32s3/esp_cpu_intr.c.obj
[126/312] Building C object zephyr/CMakeFiles/zephyr.dir/work/modules/hal/espressif/components/esp_hw_support/mspi/mspi_timing_tuning/mspi_timing_tuning.c.obj
[127/312] Building C object zephyr/CMakeFiles/zephyr.dir/work/modules/hal/espressif/components/esp_hw_support/mspi/mspi_timing_tuning/port/esp32s3/mspi_timing_by_mspi_delay.c.obj
[128/312] Building C object zephyr/CMakeFiles/zephyr.dir/work/modules/hal/espressif/components/esp_hw_support/port/esp32s3/io_mux.c.obj
[129/312] Building C object zephyr/CMakeFiles/zephyr.dir/work/modules/hal/espressif/components/esp_hw_support/port/esp32s3/rtc_clk_init.c.obj
[130/312] Building C object zephyr/CMakeFiles/zephyr.dir/work/modules/hal/espressif/components/esp_hw_support/port/esp32s3/esp_clk_tree.c.obj
[131/312] Building C object zephyr/CMakeFiles/zephyr.dir/work/modules/hal/espressif/components/esp_hw_support/port/esp32s3/systimer.c.obj
[132/312] Building C object zephyr/CMakeFiles/zephyr.dir/work/modules/hal/espressif/components/esp_hw_support/port/esp32s3/rtc_clk.c.obj
[133/312] Building C object zephyr/CMakeFiles/zephyr.dir/work/modules/hal/espressif/components/esp_hw_support/port/esp32s3/rtc_time.c.obj
[134/312] Building C object zephyr/CMakeFiles/zephyr.dir/work/modules/hal/espressif/components/esp_hw_support/port/esp32s3/rtc_sleep.c.obj
[135/312] Building C object zephyr/CMakeFiles/zephyr.dir/work/modules/hal/espressif/components/esp_hw_support/periph_ctrl.c.obj
[136/312] Building C object zephyr/CMakeFiles/zephyr.dir/work/modules/hal/espressif/components/esp_hw_support/port/esp32s3/rtc_init.c.obj
[137/312] Building C object zephyr/CMakeFiles/zephyr.dir/work/modules/hal/espressif/components/esp_hw_support/port/esp32s3/sar_periph_ctrl.c.obj
[138/312] Building C object zephyr/CMakeFiles/zephyr.dir/work/modules/hal/espressif/components/esp_hw_support/regi2c_ctrl.c.obj
[139/312] Building C object zephyr/CMakeFiles/zephyr.dir/work/modules/hal/espressif/components/esp_hw_support/port/esp_clk_tree_common.c.obj
[140/312] Building C object zephyr/CMakeFiles/zephyr.dir/work/modules/hal/espressif/components/esp_hal_ana_conv/adc_hal_common.c.obj
[141/312] Building C object zephyr/CMakeFiles/zephyr.dir/work/modules/hal/espressif/components/esp_hw_support/sleep_cache.c.obj
[142/312] Building C object zephyr/CMakeFiles/zephyr.dir/work/modules/hal/espressif/components/esp_hw_support/sar_periph_ctrl_common.c.obj
[143/312] Building C object zephyr/CMakeFiles/zephyr.dir/work/modules/hal/espressif/components/esp_hw_support/rtc_module.c.obj
[144/312] Building C object zephyr/CMakeFiles/zephyr.dir/work/modules/hal/espressif/components/esp_mm/port/esp32s3/ext_mem_layout.c.obj
[145/312] Building C object zephyr/CMakeFiles/zephyr.dir/work/modules/hal/espressif/components/esp_hw_support/sar_tsens_ctrl.c.obj
[146/312] Building C object zephyr/CMakeFiles/zephyr.dir/work/modules/hal/espressif/components/esp_rom/patches/esp_rom_crc.c.obj
[147/312] Building ASM object zephyr/CMakeFiles/zephyr.dir/work/modules/hal/espressif/components/esp_rom/patches/esp_rom_cache_writeback_esp32s3.S.obj
[148/312] Building ASM object zephyr/CMakeFiles/zephyr.dir/work/modules/hal/espressif/components/esp_rom/patches/esp_rom_longjmp.S.obj
[149/312] Building C object zephyr/CMakeFiles/zephyr.dir/work/modules/hal/espressif/components/esp_mm/esp_cache_msync.c.obj
[150/312] Building C object zephyr/CMakeFiles/zephyr.dir/work/modules/hal/espressif/components/esp_rom/patches/esp_rom_cache_esp32s2_esp32s3.c.obj
[151/312] Building C object zephyr/CMakeFiles/zephyr.dir/work/modules/hal/espressif/components/esp_mm/esp_cache_utils.c.obj
[152/312] Building C object zephyr/CMakeFiles/zephyr.dir/work/modules/hal/espressif/components/esp_rom/patches/esp_rom_efuse.c.obj
[153/312] Building C object zephyr/CMakeFiles/zephyr.dir/work/modules/hal/espressif/components/esp_rom/patches/esp_rom_gpio.c.obj
[154/312] Building C object zephyr/CMakeFiles/zephyr.dir/work/modules/hal/espressif/components/esp_rom/patches/esp_rom_spiflash.c.obj
[155/312] Building C object zephyr/CMakeFiles/zephyr.dir/work/modules/hal/espressif/components/esp_rom/patches/esp_rom_serial_output.c.obj
[156/312] Building C object zephyr/CMakeFiles/zephyr.dir/work/modules/hal/espressif/components/esp_rom/patches/esp_rom_sys.c.obj
[157/312] Building C object zephyr/CMakeFiles/zephyr.dir/work/modules/hal/espressif/components/esp_rom/patches/esp_rom_print.c.obj
[158/312] Building C object zephyr/CMakeFiles/zephyr.dir/work/modules/hal/espressif/components/esp_system/port/soc/esp32s3/reset_reason.c.obj
[159/312] Building C object zephyr/CMakeFiles/zephyr.dir/work/modules/hal/espressif/components/esp_mm/esp_mmu_map.c.obj
[160/312] Building C object zephyr/CMakeFiles/zephyr.dir/work/modules/hal/espressif/components/esp_system/esp_err.c.obj
[161/312] Building C object zephyr/CMakeFiles/zephyr.dir/work/modules/hal/espressif/components/esp_hw_support/sleep_modes.c.obj
[162/312] Building C object zephyr/CMakeFiles/zephyr.dir/work/modules/hal/espressif/components/esp_system/port/soc/esp32s3/clk.c.obj
[163/312] Building C object zephyr/CMakeFiles/zephyr.dir/work/modules/hal/espressif/components/esp_timer/src/esp_timer_impl_common.c.obj
[164/312] Building C object zephyr/CMakeFiles/zephyr.dir/work/modules/hal/espressif/components/esp_timer/src/esp_timer_init.c.obj
[165/312] Building C object zephyr/CMakeFiles/zephyr.dir/work/modules/hal/espressif/components/esp_timer/src/esp_timer.c.obj
[166/312] Building C object zephyr/CMakeFiles/zephyr.dir/work/modules/hal/espressif/components/esp_system/port/soc/esp32s3/system_internal.c.obj
[167/312] Building C object zephyr/CMakeFiles/zephyr.dir/work/modules/hal/espressif/components/hal/esp32s3/efuse_hal.c.obj
[168/312] Building C object zephyr/CMakeFiles/zephyr.dir/work/modules/hal/espressif/components/esp_timer/src/ets_timer_legacy.c.obj
[169/312] Building C object zephyr/CMakeFiles/zephyr.dir/work/modules/hal/espressif/components/esp_timer/src/esp_timer_impl_systimer.c.obj
[170/312] Building C object zephyr/CMakeFiles/zephyr.dir/work/modules/hal/espressif/components/soc/esp32s3/gpio_periph.c.obj
[171/312] Building C object zephyr/CMakeFiles/zephyr.dir/work/modules/hal/espressif/components/hal/cache_hal.c.obj
[172/312] Building C object zephyr/CMakeFiles/zephyr.dir/work/modules/hal/espressif/components/hal/efuse_hal.c.obj
[173/312] Building C object zephyr/CMakeFiles/zephyr.dir/work/modules/hal/espressif/components/hal/mmu_hal.c.obj
[174/312] Building C object zephyr/CMakeFiles/zephyr.dir/work/modules/hal/espressif/zephyr/common/esp_restart.c.obj
[175/312] Building C object zephyr/CMakeFiles/zephyr.dir/work/modules/hal/espressif/zephyr/esp32s3/src/soc_random.c.obj
[176/312] Building C object zephyr/CMakeFiles/zephyr.dir/work/modules/hal/espressif/zephyr/port/heap/heap_caps_zephyr.c.obj
[177/312] Building C object zephyr/CMakeFiles/zephyr.dir/work/modules/hal/espressif/zephyr/common/flash_init.c.obj
[178/312] Building C object zephyr/CMakeFiles/zephyr.dir/work/modules/hal/espressif/zephyr/esp32s3/src/soc_flash_init.c.obj
[179/312] Generating linker_zephyr_pre0.cmd
[180/312] Building C object zephyr/CMakeFiles/zephyr.dir/kernel/sys/sem.c.obj
[181/312] Building C object zephyr/CMakeFiles/zephyr_pre0.dir/misc/empty_file.c.obj
[182/312] Building C object zephyr/arch/common/CMakeFiles/arch__common.dir/init.c.obj
[183/312] Building C object zephyr/arch/common/CMakeFiles/arch__common.dir/dynamic_isr.c.obj
[184/312] Building C object zephyr/CMakeFiles/zephyr.dir/kernel/sys/thread_entry.c.obj
[185/312] Building C object zephyr/CMakeFiles/zephyr.dir/work/modules/hal/espressif/zephyr/esp32s3/src/soc_init.c.obj
[186/312] Building ASM object zephyr/arch/arch/xtensa/core/CMakeFiles/arch__xtensa__core.dir/window_vectors.S.obj
[187/312] Building ASM object zephyr/arch/arch/xtensa/core/CMakeFiles/arch__xtensa__core.dir/xtensa_asm2_util.S.obj
[188/312] Building C object zephyr/arch/common/CMakeFiles/arch__common.dir/sw_isr_common.c.obj
[189/312] Building C object zephyr/arch/common/CMakeFiles/arch__common.dir/instr_mem.c.obj
[190/312] Building C object zephyr/CMakeFiles/zephyr.dir/work/modules/hal/espressif/zephyr/port/bootloader/bootloader_flash.c.obj
[191/312] Building C object zephyr/arch/common/CMakeFiles/isr_tables.dir/isr_tables.c.obj
[192/312] Linking C static library zephyr/arch/common/libisr_tables.a
[193/312] Building C object zephyr/arch/arch/xtensa/core/CMakeFiles/arch__xtensa__core.dir/cpu_idle.c.obj
[194/312] Linking C static library zephyr/arch/common/libarch__common.a
[195/312] Linking C static library zephyr/libzephyr.a
[196/312] Building C object zephyr/arch/arch/xtensa/core/CMakeFiles/arch__xtensa__core.dir/fatal.c.obj
[197/312] Building C object zephyr/arch/arch/xtensa/core/CMakeFiles/arch__xtensa__core.dir/prep_c.c.obj
[198/312] Building C object zephyr/arch/arch/xtensa/core/CMakeFiles/arch__xtensa__core.dir/thread.c.obj
[199/312] Building C object zephyr/arch/arch/xtensa/core/CMakeFiles/arch__xtensa__core.dir/instr_mem.c.obj
[200/312] Building C object zephyr/arch/arch/xtensa/core/CMakeFiles/arch__xtensa__core.dir/irq_manage.c.obj
[201/312] Building C object zephyr/lib/libc/picolibc/CMakeFiles/lib__libc__picolibc.dir/chk_fail.c.obj
[202/312] Building C object zephyr/lib/libc/picolibc/CMakeFiles/lib__libc__picolibc.dir/cbprintf.c.obj
[203/312] Building C object zephyr/lib/libc/picolibc/CMakeFiles/lib__libc__picolibc.dir/errno_wrap.c.obj
[204/312] Building C object zephyr/lib/libc/picolibc/CMakeFiles/lib__libc__picolibc.dir/assert.c.obj
[205/312] Building C object zephyr/lib/libc/picolibc/CMakeFiles/lib__libc__picolibc.dir/exit.c.obj
[206/312] Building C object zephyr/lib/libc/picolibc/CMakeFiles/lib__libc__picolibc.dir/locks.c.obj
[207/312] Building C object zephyr/lib/libc/common/CMakeFiles/lib__libc__common.dir/source/stdlib/abort.c.obj
[208/312] Building C object zephyr/lib/libc/picolibc/CMakeFiles/lib__libc__picolibc.dir/stdio.c.obj
[209/312] Building C object zephyr/lib/libc/common/CMakeFiles/lib__libc__common.dir/source/time/time.c.obj
[210/312] Linking C static library zephyr/lib/libc/picolibc/liblib__libc__picolibc.a
[211/312] Building C object zephyr/lib/libc/common/CMakeFiles/lib__libc__common.dir/source/errno/errno.c.obj
[212/312] Building C object zephyr/subsys/portability/posix/c_lib_ext/CMakeFiles/subsys__portability__posix__c_lib_ext.dir/fnmatch.c.obj
[213/312] Building C object zephyr/lib/libc/common/CMakeFiles/lib__libc__common.dir/source/stdlib/malloc.c.obj
[214/312] Linking C static library zephyr/lib/libc/common/liblib__libc__common.a
[215/312] Building C object zephyr/arch/arch/xtensa/core/CMakeFiles/arch__xtensa__core.dir/vector_handlers.c.obj
[216/312] Linking C static library zephyr/arch/arch/xtensa/core/libarch__xtensa__core.a
[217/312] Building C object zephyr/subsys/input/CMakeFiles/subsys__input.dir/input_hid.c.obj
[218/312] Building C object zephyr/subsys/portability/posix/c_lib_ext/CMakeFiles/subsys__portability__posix__c_lib_ext.dir/getentropy.c.obj
[219/312] Building C object zephyr/subsys/portability/posix/c_lib_ext/CMakeFiles/subsys__portability__posix__c_lib_ext.dir/getopt_shim.c.obj
[220/312] Linking C static library zephyr/subsys/portability/posix/c_lib_ext/libsubsys__portability__posix__c_lib_ext.a
[221/312] Building C object zephyr/subsys/input/CMakeFiles/subsys__input.dir/input_utils.c.obj
[222/312] Building C object zephyr/subsys/rtio/CMakeFiles/subsys__rtio.dir/rtio_init.c.obj
[223/312] Building C object zephyr/subsys/input/CMakeFiles/subsys__input.dir/input.c.obj
[224/312] Linking C static library zephyr/subsys/input/libsubsys__input.a
[225/312] Building C object zephyr/subsys/rtio/CMakeFiles/subsys__rtio.dir/rtio_workq.c.obj
[226/312] Building C object zephyr/subsys/rtio/CMakeFiles/subsys__rtio.dir/rtio_timeout.c.obj
[227/312] Building C object zephyr/subsys/rtio/CMakeFiles/subsys__rtio.dir/rtio_executor.c.obj
[228/312] Linking C static library zephyr/subsys/rtio/libsubsys__rtio.a
[229/312] Building C object zephyr/drivers/adc/CMakeFiles/drivers__adc.dir/adc_common.c.obj
[230/312] Building C object zephyr/drivers/adc/CMakeFiles/drivers__adc.dir/adc_m5pm1.c.obj
[231/312] Linking C static library zephyr/drivers/adc/libdrivers__adc.a
[232/312] Building C object zephyr/drivers/cache/CMakeFiles/drivers__cache.dir/cache_esp32.c.obj
[233/312] Linking C static library zephyr/drivers/cache/libdrivers__cache.a
[234/312] Building C object zephyr/drivers/interrupt_controller/CMakeFiles/drivers__interrupt_controller.dir/intc_esp32.c.obj
[235/312] Linking C static library zephyr/drivers/interrupt_controller/libdrivers__interrupt_controller.a
[236/312] Building C object zephyr/drivers/clock_control/CMakeFiles/drivers__clock_control.dir/clock_control_esp32.c.obj
[237/312] Building C object zephyr/drivers/console/CMakeFiles/drivers__console.dir/uart_console.c.obj
[238/312] Linking C static library zephyr/drivers/console/libdrivers__console.a
[239/312] Building C object zephyr/drivers/clock_control/CMakeFiles/drivers__clock_control.dir/clock_control_esp32_rtc_cntl.c.obj
[240/312] Linking C static library zephyr/drivers/clock_control/libdrivers__clock_control.a
[241/312] Building C object zephyr/drivers/fuel_gauge/CMakeFiles/drivers__fuel_gauge.dir/composite/fuel_gauge_composite.c.obj
[242/312] Linking C static library zephyr/drivers/fuel_gauge/libdrivers__fuel_gauge.a
[243/312] Building C object zephyr/drivers/i2c/CMakeFiles/drivers__i2c.dir/i2c_rtio.c.obj
[244/312] Building C object zephyr/drivers/display/CMakeFiles/drivers__display.dir/display_st7789v.c.obj
[245/312] Building C object zephyr/drivers/gpio/CMakeFiles/drivers__gpio.dir/gpio_m5pm1.c.obj
[246/312] Linking C static library zephyr/drivers/display/libdrivers__display.a
[247/312] Building C object zephyr/drivers/gpio/CMakeFiles/drivers__gpio.dir/gpio_esp32.c.obj
[248/312] Building C object zephyr/drivers/i2c/CMakeFiles/drivers__i2c.dir/i2c_rtio_default.c.obj
[249/312] Linking C static library zephyr/drivers/gpio/libdrivers__gpio.a
[250/312] Building C object zephyr/drivers/i2c/CMakeFiles/drivers__i2c.dir/i2c_common.c.obj
[251/312] Building C object zephyr/drivers/pinctrl/CMakeFiles/drivers__pinctrl.dir/common.c.obj
[252/312] Building C object zephyr/drivers/regulator/CMakeFiles/drivers__regulator.dir/regulator_fixed.c.obj
[253/312] Building C object zephyr/drivers/pinctrl/CMakeFiles/drivers__pinctrl.dir/pinctrl_esp32.c.obj
[254/312] Linking C static library zephyr/drivers/pinctrl/libdrivers__pinctrl.a
[255/312] Building C object zephyr/drivers/regulator/CMakeFiles/drivers__regulator.dir/regulator_common.c.obj
[256/312] Linking C static library zephyr/drivers/regulator/libdrivers__regulator.a
[257/312] Building C object zephyr/drivers/input/CMakeFiles/drivers__input.dir/input_gpio_keys.c.obj
[258/312] Building C object zephyr/drivers/i2c/CMakeFiles/drivers__i2c.dir/i2c_esp32.c.obj
[259/312] Building C object zephyr/drivers/mfd/CMakeFiles/drivers__mfd.dir/mfd_m5pm1.c.obj
[260/312] Linking C static library zephyr/drivers/input/libdrivers__input.a
[261/312] Linking C static library zephyr/drivers/i2c/libdrivers__i2c.a
[262/312] Linking C static library zephyr/drivers/mfd/libdrivers__mfd.a
[263/312] Building C object zephyr/drivers/sensor/bosch/bmi270/CMakeFiles/drivers__sensor__bosch__bmi270.dir/bmi270_decoder.c.obj
[264/312] Building C object zephyr/drivers/timer/CMakeFiles/drivers__timer.dir/sys_clock_init.c.obj
[265/312] Building C object zephyr/drivers/sensor/bosch/bmi270/CMakeFiles/drivers__sensor__bosch__bmi270.dir/bmi270_i2c.c.obj
[266/312] Building C object zephyr/drivers/sensor/bosch/bmi270/CMakeFiles/drivers__sensor__bosch__bmi270.dir/bmi270.c.obj
[267/312] Building C object zephyr/drivers/serial/CMakeFiles/drivers__serial.dir/serial_esp32_usb.c.obj
[268/312] Linking C static library zephyr/drivers/sensor/bosch/bmi270/libdrivers__sensor__bosch__bmi270.a
[269/312] Building C object zephyr/drivers/timer/CMakeFiles/drivers__timer.dir/xtensa_sys_timer.c.obj
[270/312] Linking C static library zephyr/drivers/timer/libdrivers__timer.a
[271/312] Building C object zephyr/drivers/serial/CMakeFiles/drivers__serial.dir/uart_esp32.c.obj
[272/312] Linking C static library zephyr/drivers/serial/libdrivers__serial.a
[273/312] Building C object zephyr/kernel/CMakeFiles/kernel.dir/busy_wait.c.obj
[274/312] Building C object zephyr/kernel/CMakeFiles/kernel.dir/main_weak.c.obj
[275/312] Building C object zephyr/drivers/sensor/voltage_divider/CMakeFiles/drivers__sensor__voltage_divider.dir/voltage.c.obj
[276/312] Building C object zephyr/kernel/CMakeFiles/kernel.dir/device.c.obj
[277/312] Linking C static library zephyr/drivers/sensor/voltage_divider/libdrivers__sensor__voltage_divider.a
[278/312] Building C object zephyr/kernel/CMakeFiles/kernel.dir/version.c.obj
[279/312] Building C object zephyr/kernel/CMakeFiles/kernel.dir/fatal.c.obj
[280/312] Building C object zephyr/kernel/CMakeFiles/kernel.dir/kheap.c.obj
[281/312] Building C object zephyr/kernel/CMakeFiles/kernel.dir/float.c.obj
[282/312] Building C object zephyr/kernel/CMakeFiles/kernel.dir/init.c.obj
[283/312] Building C object zephyr/kernel/CMakeFiles/kernel.dir/mem_slab.c.obj
[284/312] Building C object zephyr/kernel/CMakeFiles/kernel.dir/idle.c.obj
[285/312] Building C object zephyr/kernel/CMakeFiles/kernel.dir/msg_q.c.obj
[286/312] Building C object zephyr/kernel/CMakeFiles/kernel.dir/mailbox.c.obj
[287/312] Building C object zephyr/kernel/CMakeFiles/kernel.dir/system_work_q.c.obj
[288/312] Building C object zephyr/kernel/CMakeFiles/kernel.dir/sem.c.obj
[289/312] Building C object zephyr/drivers/spi/CMakeFiles/drivers__spi.dir/spi_esp32_spim.c.obj
[290/312] Linking C static library zephyr/drivers/spi/libdrivers__spi.a
[291/312] Building C object zephyr/kernel/CMakeFiles/kernel.dir/stack.c.obj
[292/312] Building C object zephyr/kernel/CMakeFiles/kernel.dir/queue.c.obj
[293/312] Building C object zephyr/kernel/CMakeFiles/kernel.dir/mutex.c.obj
[294/312] Building C object zephyr/kernel/CMakeFiles/kernel.dir/condvar.c.obj
[295/312] Building C object zephyr/kernel/CMakeFiles/kernel.dir/sleep.c.obj
[296/312] Building C object zephyr/kernel/CMakeFiles/kernel.dir/thread.c.obj
[297/312] Building C object zephyr/kernel/CMakeFiles/kernel.dir/pipe.c.obj
[298/312] Building C object zephyr/kernel/CMakeFiles/kernel.dir/scheduler.c.obj
[299/312] Building C object zephyr/kernel/CMakeFiles/kernel.dir/work.c.obj
[300/312] Building C object zephyr/kernel/CMakeFiles/kernel.dir/sched.c.obj
[301/312] Building C object zephyr/kernel/CMakeFiles/kernel.dir/timeslicing.c.obj
[302/312] Building C object zephyr/kernel/CMakeFiles/kernel.dir/timeout.c.obj
[303/312] Building C object zephyr/kernel/CMakeFiles/kernel.dir/timer.c.obj
[304/312] Building C object zephyr/kernel/CMakeFiles/kernel.dir/mempool.c.obj
[305/312] Building C object zephyr/kernel/CMakeFiles/kernel.dir/dynamic_disabled.c.obj
[306/312] Linking C static library zephyr/kernel/libkernel.a
[307/312] Linking C executable zephyr/zephyr_pre0.elf
[308/312] Generating linker.cmd
[309/312] Generating isr_tables.c, isr_tables_vt.ld, isr_tables_swi.ld
[310/312] Building C object zephyr/CMakeFiles/zephyr_final.dir/misc/empty_file.c.obj
[311/312] Building C object zephyr/CMakeFiles/zephyr_final.dir/isr_tables.c.obj
[312/312] Linking C executable zephyr/zephyr.elf
Memory region         Used Size  Region Size  %age Used
           FLASH:      143604 B    8388352 B      1.71%
     iram0_0_seg:       53732 B     415492 B     12.93%
     dram0_0_seg:       67208 B     399108 B     16.84%
     irom0_0_seg:       39920 B        32 MB      0.12%
     drom0_0_seg:       78068 B        32 MB      0.23%
    rtc_iram_seg:           0 B       8168 B      0.00%
rtc_reserved_seg:           0 B         24 B      0.00%
    rtc_slow_seg:          36 B         8 KB      0.44%
        IDT_LIST:           0 B         8 KB      0.00%
Generating files from /work/hw-baseline/zephyr/zephyr.elf for board: m5stack_sticks3/esp32s3/procpu
esptool v5.2.0
Creating ESP32-S3 image...
Image has only RAM segments visible. ROM segments are hidden and SHA256 digest is not appended.
Note: Inserting 4 bytes padding between k_kernel_init_post_entry_area and _static_thread_data_area
Merged 23 ELF sections.
Successfully created ESP32-S3 image.
