# HW-019 diagnostic - the slab census that located the ESP32 I2S mem-slab leak.
# 2026-07-12, COM35. Stock Zephyr 4.4.0 (no i2s fix). The sweep hangs at 44.1 kHz.
# tx/rx free blocks fall by exactly one per rate and the reset recovers none.

[?9001h[?1004h[?25l[2J[H--- Warning: GDB cannot open serial ports accessed as COMx
]0;C:\Python313\python.EXE[?25h--- Using \\.\COM35 instead...
--- esp-idf-monitor 1.9.0 on \\.\COM35 115200
--- Quit: Ctrl+] | Menu: Ctrl+T | Help: Ctrl+T followed by Ctrl+H
ESP-ROM:esp32s3-20210327
Build:Mar 27 2021
rst:0x15 (USB_UART_CHIP_RESET),boot:0x8 (SPI_FAST_FLASH_BOOT)
Saved PC:0x403773aa
xtensa-esp32-elf-addr2line -fiaC -e D:\dev\2026\hw\hw019-sweep-c6c6256.elf 0x403773aa: [WinError 2] 蝟餌絞?曆??唳?摰?瑼??
SPIWP:0xee
mode:DIO, clock div:1
load:0x3fc90190,len:0x2cec
load:0x40374000,len:0xc17c
xtensa-esp32-elf-addr2line -fiaC -e D:\dev\2026\hw\hw019-sweep-c6c6256.elf 0x40374000: [WinError 2] 蝟餌絞?曆??唳?摰?瑼??
load:0x50000000,len:0x24
SHA-256 comparison failed:
Calculated: dcdeb341314b4c1ad8ab8031060edd7d645a928b6852ae222f90dbd32f48e0e5
Expected: 0000000030110000000000000000000000000000000000000000000000000000
Attempting to boot anyway...
entry 0x4037a924
xtensa-esp32-elf-addr2line -fiaC -e D:\dev\2026\hw\hw019-sweep-c6c6256.elf 0x4037a924: [WinError 2] 蝟餌絞?曆??唳?摰?瑼??
I (soc_init): ESP Simple boot
I (soc_init): compile time Jul 12 2026 07:55:02
W (soc_init): Unicore bootloader
I (soc_init): chip revision: v0.2
I (flash_init): Boot SPI Speed : 80MHz
I (flash_init): SPI Mode       : DIO
I (flash_init): SPI Flash Size : 8MB
I (boot): DRAM[2C: lma=00000020h vma=3fc90190h size=02cech ( 11500)
I (boot): IRAM[2C: lma=00002d14h vma=40374000h size=0c17ch ( 49532)
I (boot): RTC_DATA[6C: lma=0000ee98h vma=50000000h size=00024h (    36)
I (boot): IROM[2C: lma=00010000h vma=42000000h size=0d384h ( 54148)
I (boot): DROM[2C: lma=00020000h vma=3c010000h size=04474h ( 17524)
I (boot): libc heap size 145 kB.
I (cache): Instruction cache: size 16KB, 8Ways, cache line size 32Byte
I (spi_flash): detected chip: gd
I (spi_flash): flash io: dio
*** Booting Zephyr OS build v4.4.0 ***
M5StickS3 Zephyr validation app
Board: m5stack_sticks3
[00:00:00.325,000] <inf> gfx: Pixel format RGB_565 (high byte first)
[00:00:00.325,000] <inf> gfx: Display ready (135x240)
[00:00:00.396,000] <inf> audio: audio_init OK (16 kHz/16-bit, amp off)

=== ES8311 sample-rate sweep ===
regs  : the clock registers read back off the chip over I2C
lrck  : the frame clock MEASURED against the kernel cycle counter,
        which is not derived from the I2S clock
adc   : the microphone noise floor with the amplifier off. A codec
        whose clock tree did not lock cannot run its modulator and
        returns zeros or a stuck constant here
tone  : the captured level with the amplifier on. Reported, not
        asserted: this speaker couples weakly into this microphone.
        Judge the speaker by ear; the pitch rises across the sweep
        because the tone table was made for 16 kHz

  sweep.8000: slab pre-reset  tx=8 rx=8
  sweep.8000: reset
  sweep.8000: slab post-reset tx=8 rx=8  (of 8)
  sweep.8000: cfg-tx
  sweep.8000: cfg-codec
  sweep.8000: cfg-rx
  sweep.8000: regs
  sweep.8000: prequeue
  sweep.8000: start
  sweep.8000: warmup
  sweep.8000: baseline
  sweep.8000: amp
  sweep.8000: settle
  sweep.8000: timed
  sweep.8000: stop
SWEEP 8000   regs=OK  lrck=7999   OK  adc=alive floor=66    [-178..96] tone_rms=1599   peak=17170  PASS
  sweep.11025: slab pre-reset  tx=7 rx=7
  sweep.11025: reset
  sweep.11025: slab post-reset tx=7 rx=7  (of 8)
  sweep.11025: cfg-tx
  sweep.11025: cfg-codec
  sweep.11025: cfg-rx
  sweep.11025: regs
  sweep.11025: prequeue
  sweep.11025: start
  sweep.11025: warmup
  sweep.11025: baseline
  sweep.11025: amp
  sweep.11025: settle
  sweep.11025: timed
  sweep.11025: stop
SWEEP 11025  regs=OK  lrck=11024  OK  adc=alive floor=66    [-126..108] tone_rms=2642   peak=25936  PASS
  sweep.12000: slab pre-reset  tx=6 rx=6
  sweep.12000: reset
  sweep.12000: slab post-reset tx=6 rx=6  (of 8)
  sweep.12000: cfg-tx
  sweep.12000: cfg-codec
  sweep.12000: cfg-rx
  sweep.12000: regs
  sweep.12000: prequeue
  sweep.12000: start
  sweep.12000: warmup
  sweep.12000: baseline
  sweep.12000: amp
  sweep.12000: settle
  sweep.12000: timed
  sweep.12000: stop
SWEEP 12000  regs=OK  lrck=11999  OK  adc=alive floor=78    [-195..174] tone_rms=1008   peak=11585  PASS
  sweep.16000: slab pre-reset  tx=5 rx=5
  sweep.16000: reset
  sweep.16000: slab post-reset tx=5 rx=5  (of 8)
  sweep.16000: cfg-tx
  sweep.16000: cfg-codec
  sweep.16000: cfg-rx
  sweep.16000: regs
  sweep.16000: prequeue
  sweep.16000: start
  sweep.16000: warmup
  sweep.16000: baseline
  sweep.16000: amp
  sweep.16000: settle
  sweep.16000: timed
  sweep.16000: stop
SWEEP 16000  regs=OK  lrck=15999  OK  adc=alive floor=64    [-163..127] tone_rms=3227   peak=32767  PASS
  sweep.22050: slab pre-reset  tx=4 rx=4
  sweep.22050: reset
  sweep.22050: slab post-reset tx=4 rx=4  (of 8)
  sweep.22050: cfg-tx
  sweep.22050: cfg-codec
  sweep.22050: cfg-rx
  sweep.22050: regs
  sweep.22050: prequeue
  sweep.22050: start
  sweep.22050: warmup
  sweep.22050: baseline
  sweep.22050: amp
  sweep.22050: settle
  sweep.22050: timed
  sweep.22050: stop
SWEEP 22050  regs=OK  lrck=22049  OK  adc=alive floor=67    [-69..206] tone_rms=3595   peak=28285  PASS
  sweep.24000: slab pre-reset  tx=3 rx=3
  sweep.24000: reset
  sweep.24000: slab post-reset tx=3 rx=3  (of 8)
  sweep.24000: cfg-tx
  sweep.24000: cfg-codec
  sweep.24000: cfg-rx
  sweep.24000: regs
  sweep.24000: prequeue
  sweep.24000: start
  sweep.24000: warmup
  sweep.24000: baseline
  sweep.24000: amp
  sweep.24000: settle
  sweep.24000: timed
  sweep.24000: stop
SWEEP 24000  regs=OK  lrck=23998  OK  adc=alive floor=85    [-147..155] tone_rms=2276   peak=16178  PASS
  sweep.32000: slab pre-reset  tx=2 rx=2
  sweep.32000: reset
  sweep.32000: slab post-reset tx=2 rx=2  (of 8)
  sweep.32000: cfg-tx
  sweep.32000: cfg-codec
  sweep.32000: cfg-rx
  sweep.32000: regs
  sweep.32000: prequeue
  sweep.32000: start
  sweep.32000: warmup
  sweep.32000: baseline
  sweep.32000: amp
  sweep.32000: settle
  sweep.32000: timed
  sweep.32000: stop
SWEEP 32000  regs=OK  lrck=31998  OK  adc=alive floor=79    [-95..108] tone_rms=5841   peak=32767  PASS
  sweep.44100: slab pre-reset  tx=1 rx=1
  sweep.44100: reset
  sweep.44100: slab post-reset tx=1 rx=1  (of 8)
  sweep.44100: cfg-tx
  sweep.44100: cfg-codec
  sweep.44100: cfg-rx
  sweep.44100: regs
  sweep.44100: prequeue

[monitor captured 6573 chars; last 29.5s silent]
