# SUPERSEDED. The conclusion this file was written to record is WRONG.
#
# Superseded by: evidence/20260712-hw023-es8311-reset-is-innocent-adc-needs-6s.log
#
# The captured serial output below is untouched and is still a true record of what the
# hardware did. It is the interpretation that was wrong, and it was wrong in a way this
# run could not have detected.
#
# WHAT THIS FILE ORIGINALLY CLAIMED
# ---------------------------------
#   "HW-019 diagnostic - the software reset deafens the ADC below ~22 kHz."
#   "Every register the driver writes reads back correctly. The ADC is deaf anyway."
#   "Root cause NOT established. The reset is not shipped; see the binding."
#
# WHY IT IS WRONG
# ---------------
# The rate sweep below walks 8000, 11025, 12000, 16000, 22050, 24000, 32000, 44100,
# 48000 -- always, and only, in that order. That is increasing sample rate. It is also,
# unavoidably, increasing time since the reset, at roughly two seconds a rate.
#
# So "deaf below 22 kHz" and "deaf for the first ten seconds" fit these same nine numbers
# equally well, and nothing in this run, or in any run of this sweep ever made, could
# tell them apart.
#
# Reversing the rate table separates them, and there is no third outcome. With the same
# reset, 48 kHz measured FIRST came back deaf (tone_rms=1) and 8 kHz measured LAST came
# back alive (tone_rms=923, against a no-reset baseline of 777). The deafness follows the
# clock. It does not follow the rate. There is no low-sample-rate cutoff and there never
# was one.
#
# WHAT IS ACTUALLY TRUE
# ---------------------
# The ES8311's analog reference sits on three 1 uF capacitors -- VMID, ADCVREF, DACVREF;
# the part has no microphone-bias pin at all. The 0x00 block reset clears CSM_ON, which
# powers the analog down and discharges them. Charging them back takes about 6.2 seconds,
# and the ADC returns a zero noise floor until it is done. Then it works normally, and it
# keeps working. Measured directly, at one fixed rate, one configure, one START:
#
#     t=543..3103 ms   floor=0
#     t=5663 ms        floor=35
#     t=6175 ms        floor=101      <- awake; the settled floor here is 81..116
#     t=9759 ms        floor=113
#
# The conclusion "do not reset this part" survives. Every reason given for it here does
# not. And the driver does not need a reset anyway: writing every register it depends on
# reaches the same known state at zero settling cost.
#
# ================================================================================
*** Booting Zephyr OS build v4.4.0 ***
M5StickS3 Zephyr validation app
Board: m5stack_sticks3
[00:00:00.325,000] <inf> gfx: Pixel format RGB_565 (high byte first)
[00:00:00.325,000] <inf> gfx: Display ready (135x240)
[00:00:00.409,000] <inf> audio: audio_init OK (16 kHz/16-bit, amp off)

=== ES8311 sample-rate sweep ===
regs  : the clock registers read back off the chip over I2C
lrck  : the frame clock MEASURED against the kernel cycle counter,
        which is not derived from the I2S clock
adc   : the microphone noise floor with the amplifier off. A codec
        whose clock tree did not lock cannot run its modulator and
        returns zeros or a stuck constant here
tone  : the captured level with the amplifier on. Reported, not
        asserted: this speaker couples weakly into this microphone.
        Judge the speaker by ear; the pitch rises across the sweep
        because the tone table was made for 16 kHz

  sweep.8000: slab pre-reset  tx=8 rx=8
  sweep.8000: reset
  sweep.8000: slab post-reset tx=8 rx=8  (of 8)
  sweep.8000: cfg-tx
  sweep.8000: cfg-codec
  sweep.8000: cfg-rx
  sweep.8000: regs
  sweep.8000: prequeue
  sweep.8000: start
  sweep.8000: warmup
  sweep.8000: baseline
  sweep.8000: amp
  sweep.8000: settle
  sweep.8000: timed
  sweep.8000: stop
SWEEP 8000   regs=OK  lrck=7999   OK  adc=DEAD  floor=0     [-1..0] tone_rms=0      peak=1      FAIL
  sweep.11025: slab pre-reset  tx=8 rx=8
  sweep.11025: reset
  sweep.11025: slab post-reset tx=8 rx=8  (of 8)
  sweep.11025: cfg-tx
  sweep.11025: cfg-codec
  sweep.11025: cfg-rx
  sweep.11025: regs
  sweep.11025: prequeue
  sweep.11025: start
  sweep.11025: warmup
  sweep.11025: baseline
  sweep.11025: amp
  sweep.11025: settle
  sweep.11025: timed
  sweep.11025: stop
SWEEP 11025  regs=OK  lrck=11024  OK  adc=DEAD  floor=0     [-1..0] tone_rms=0      peak=3      FAIL
  sweep.12000: slab pre-reset  tx=8 rx=8
  sweep.12000: reset
  sweep.12000: slab post-reset tx=8 rx=8  (of 8)
  sweep.12000: cfg-tx
  sweep.12000: cfg-codec
  sweep.12000: cfg-rx
  sweep.12000: regs
  sweep.12000: prequeue
  sweep.12000: start
  sweep.12000: warmup
  sweep.12000: baseline
  sweep.12000: amp
  sweep.12000: settle
  sweep.12000: timed
  sweep.12000: stop
SWEEP 12000  regs=OK  lrck=11999  OK  adc=DEAD  floor=1     [-1..0] tone_rms=1      peak=17     FAIL
  sweep.16000: slab pre-reset  tx=8 rx=8
  sweep.16000: reset
  sweep.16000: slab post-reset tx=8 rx=8  (of 8)
  sweep.16000: cfg-tx
  sweep.16000: cfg-codec
  sweep.16000: cfg-rx
  sweep.16000: regs
  sweep.16000: prequeue
  sweep.16000: start
  sweep.16000: warmup
  sweep.16000: baseline
  sweep.16000: amp
  sweep.16000: settle
  sweep.16000: timed
  sweep.16000: stop
SWEEP 16000  regs=OK  lrck=15999  OK  adc=DEAD  floor=1     [0..1] tone_rms=10     peak=112    FAIL
  sweep.22050: slab pre-reset  tx=8 rx=8
  sweep.22050: reset
  sweep.22050: slab post-reset tx=8 rx=8  (of 8)
  sweep.22050: cfg-tx
  sweep.22050: cfg-codec
  sweep.22050: cfg-rx
  sweep.22050: regs
  sweep.22050: prequeue
  sweep.22050: start
  sweep.22050: warmup
  sweep.22050: baseline
  sweep.22050: amp
  sweep.22050: settle
  sweep.22050: timed
  sweep.22050: stop
SWEEP 22050  regs=OK  lrck=22049  OK  adc=alive floor=6     [1..3] tone_rms=73     peak=336    PASS
  sweep.24000: slab pre-reset  tx=8 rx=8
  sweep.24000: reset
  sweep.24000: slab post-reset tx=8 rx=8  (of 8)
  sweep.24000: cfg-tx
  sweep.24000: cfg-codec
  sweep.24000: cfg-rx
  sweep.24000: regs
  sweep.24000: prequeue
  sweep.24000: start
  sweep.24000: warmup
  sweep.24000: baseline
  sweep.24000: amp
  sweep.24000: settle
  sweep.24000: timed
  sweep.24000: stop
SWEEP 24000  regs=OK  lrck=23998  OK  adc=alive floor=24    [4..14] tone_rms=424    peak=2822   PASS
  sweep.32000: slab pre-reset  tx=8 rx=8
  sweep.32000: reset
  sweep.32000: slab post-reset tx=8 rx=8  (of 8)
  sweep.32000: cfg-tx
  sweep.32000: cfg-codec
  sweep.32000: cfg-rx
  sweep.32000: regs
  sweep.32000: prequeue
  sweep.32000: start
  sweep.32000: warmup
  sweep.32000: baseline
  sweep.32000: amp
  sweep.32000: settle
  sweep.32000: timed
  sweep.32000: stop
SWEEP 32000  regs=OK  lrck=31998  OK  adc=alive floor=131   [-3..51] tone_rms=3721   peak=10134  PASS
  sweep.44100: slab pre-reset  tx=8 rx=8
  sweep.44100: reset
  sweep.44100: slab post-reset tx=8 rx=8  (of 8)
  sweep.44100: cfg-tx
  sweep.44100: cfg-codec
  sweep.44100: cfg-rx
  sweep.44100: regs
  sweep.44100: prequeue
  sweep.44100: start
  sweep.44100: warmup
  sweep.44100: baseline
  sweep.44100: amp
  sweep.44100: settle
  sweep.44100: timed
  sweep.44100: stop
SWEEP 44100  regs=OK  lrck=44096  OK  adc=alive floor=675   [-84..111] tone_rms=9852   peak=32767  PASS
  sweep.48000: slab pre-reset  tx=8 rx=8
  sweep.48000: reset
  sweep.48000: slab post-reset tx=8 rx=8  (of 8)
  sweep.48000: cfg-tx
  sweep.48000: cfg-codec
  sweep.48000: cfg-rx
  sweep.48000: regs
  sweep.48000: prequeue
  sweep.48000: start
  sweep.48000: warmup
  sweep.48000: baseline
  sweep.48000: amp
  sweep.48000: settle
  sweep.48000: timed
  sweep.48000: stop
SWEEP 48000  regs=OK  lrck=47996  OK  adc=alive floor=573   [-328..150] tone_rms=15372  peak=32767  PASS

=== sweep: 4 of 9 rate(s) FAILED ===

-- route transitions: the unused converter must power DOWN --
SWEEP route playback  PASS
SWEEP route capture   PASS
SWEEP route both      PASS
=== routes: 0 of 3 FAILED ===
SWEEP restore: lrck measured 16000 Hz, want 16000  OK

*** SWEEP FAILED: 4 of 9 rate(s), 0 of 3 route(s) ***

*** ES8311 CLOCK/ROUTE/CAPTURE SWEEP FAILED ***
alive uptime_ms=10648 page=0 KEY1=1 KEY2=1 bat=3970 soc=93 vin=5150 imu=1 accel=[3.495641 0.004189 9.276617]
alive uptime_ms=11698 page=0 KEY1=1 KEY2=1 bat=3966 soc=93 vin=5146 imu=1 accel=[3.462121 0.204710 9.095849]
alive uptime_ms=12709 page=0 KEY1=1 KEY2=1 bat=3962 soc=92 vin=5142 imu=1 accel=[3.453142 0.184957 9.145530]
alive uptime_ms=13719 page=0 KEY1=1 KEY2=1 bat=3956 soc=92 vin=5156 imu=1 accel=[3.544723 0.089785 9.225140]
alive uptime_ms=14730 page=0 KEY1=1 KEY2=1 bat=3970 soc=93 vin=5152 imu=1 accel=[3.492648 0.119713 9.162889]
alive uptime_ms=15741 page=0 KEY1=1 KEY2=1 bat=3966 soc=93 vin=5146 imu=1 accel=[3.425009 0.241821 9.098243]
alive uptime_ms=16751 page=0 KEY1=1 KEY2=1 bat=3968 soc=93 vin=5146 imu=1 accel=[3.504021 0.000598 9.220351]
alive uptime_ms=17762 page=0 KEY1=1 KEY2=1 bat=3966 soc=93 vin=5146 imu=1 accel=[3.502225 0.039505 9.214366]
alive uptime_ms=18772 page=0 KEY1=1 KEY2=1 bat=3972 soc=93 vin=5148 imu=1 accel=[3.484866 0.193936 9.075498]
alive uptime_ms=19783 page=0 KEY1=1 KEY2=1 bat=3968 soc=93 vin=5144 imu=1 accel=[3.516591 0.022147 9.167079]
alive uptime_ms=20794 page=0 KEY1=1 KEY2=1 bat=3966 soc=93 vin=5146 imu=1 accel=[3.481275 0.147247 9.135953]
alive uptime_ms=21804 page=0 KEY1=1 KEY2=1 bat=3964 soc=92 vin=5146 imu=1 accel=[3.498633 0.108340 9.120391]
alive uptime_ms=22815 page=0 KEY1=1 KEY2=1 bat=3962 soc=92 vin=5144 imu=1 accel=[3.503422 0.049082 9.200599]
alive uptime_ms=23825 page=0 KEY1=1 KEY2=1 bat=3948 soc=91 vin=5144 imu=1 accel=[3.450149 0.121509 9.194014]
alive uptime_ms=24836 page=0 KEY1=1 KEY2=1 bat=3970 soc=93 vin=5156 imu=1 accel=[3.507013 0.012569 9.243696]
alive uptime_ms=25847 page=0 KEY1=1 KEY2=1 bat=3964 soc=92 vin=5140 imu=1 accel=[3.502225 0.038308 9.197007]
alive uptime_ms=26857 page=0 KEY1=1 KEY2=1 bat=3968 soc=93 vin=5146 imu=1 accel=[3.498633 0.192140 9.059337]
alive uptime_ms=27868 page=0 KEY1=1 KEY2=1 bat=3956 soc=92 vin=5152 imu=1 accel=[3.511802 0.142459 9.067118]
alive uptime_ms=28878 page=0 KEY1=1 KEY2=1 bat=3966 soc=93 vin=5144 imu=1 accel=[3.462719 0.176577 9.136552]
alive uptime_ms=29889 page=0 KEY1=1 KEY2=1 bat=3966 soc=93 vin=5140 imu=1 accel=[3.491451 0.065243 9.178452]
alive uptime_ms=30900 page=0 KEY1=1 KEY2=1 bat=3966 soc=93 vin=5148 imu=1 accel=[3.523773 0.003591 9.203592]
alive uptime_ms=31910 page=0 KEY1=1 KEY2=1 bat=3966 soc=93 vin=5142 imu=1 accel=[3.463916 0.155627 9.155706]
alive uptime_ms=32921 page=0 KEY1=1 KEY2=1 bat=3968 soc=93 vin=5144 imu=1 accel=[3.497436 0.068236 9.168276]
alive uptime_ms=33931 page=0 KEY1=1 KEY2=1 bat=3964 soc=92 vin=5140 imu=1 accel=[3.505816 0.026337 9.216760]
alive uptime_ms=34942 page=0 KEY1=1 KEY2=1 bat=3968 soc=93 vin=5144 imu=1 accel=[3.463916 0.224463 9.097046]
alive uptime_ms=35953 page=0 KEY1=1 KEY2=1 bat=3952 soc=91 vin=5148 imu=1 accel=[3.495641 0.101756 9.126975]
alive uptime_ms=36963 page=0 KEY1=1 KEY2=1 bat=3956 soc=92 vin=5154 imu=1 accel=[3.487261 0.212491 9.117996]
alive uptime_ms=37974 page=0 KEY1=1 KEY2=1 bat=3962 soc=92 vin=5156 imu=1 accel=[3.515992 0.014365 9.198204]
alive uptime_ms=38984 page=0 KEY1=1 KEY2=1 bat=3966 soc=93 vin=5144 imu=1 accel=[3.514795 0.018555 9.207782]
alive uptime_ms=39995 page=0 KEY1=1 KEY2=1 bat=3966 soc=93 vin=5150 imu=1 accel=[3.474092 0.070631 9.237111]
alive uptime_ms=41006 page=0 KEY1=1 KEY2=1 bat=3968 soc=93 vin=5144 imu=1 accel=[3.548315 0.077813 9.107222]
alive uptime_ms=42016 page=0 KEY1=1 KEY2=1 bat=3964 soc=92 vin=5140 imu=1 accel=[3.486662 0.250800 9.046168]
alive uptime_ms=43027 page=0 KEY1=1 KEY2=1 bat=3966 soc=93 vin=5144 imu=1 accel=[3.412440 0.159219 9.114405]
alive uptime_ms=44037 page=0 KEY1=1 KEY2=1 bat=3968 soc=93 vin=5150 imu=1 accel=[3.477684 0.025139 9.246090]
alive uptime_ms=45048 page=0 KEY1=1 KEY2=1 bat=3964 soc=92 vin=5140 imu=1 accel=[3.498035 0.078412 9.172466]
alive uptime_ms=46059 page=0 KEY1=1 KEY2=1 bat=3968 soc=93 vin=5142 imu=1 accel=[3.523175 0.007182 9.170670]
alive uptime_ms=47069 page=0 KEY1=1 KEY2=1 bat=3968 soc=93 vin=5138 imu=1 accel=[3.462121 0.141262 9.131763]
alive uptime_ms=48080 page=0 KEY1=1 KEY2=1 bat=3956 soc=92 vin=5140 imu=1 accel=[3.481275 0.196330 9.045569]
alive uptime_ms=49090 page=0 KEY1=1 KEY2=1 bat=3952 soc=91 vin=5152 imu=1 accel=[3.431594 0.125699 9.214964]

[monitor captured 11696 chars; last 0.5s silent]
