PARTIALLY SUPERSEDED BY HW-027 -- READ THIS FIRST
------------------------------------------------
The two bugs below are real and the measurements stand. But this file's mutation table also
said, of the GDMA channel reset, "and neither is a channel reset". THAT IS FALSE. The build
it was based on never had the reset in it: I "verified" the patch with
`grep -c gdma_ll_rx_reset_channel`, got 2, and did not know that the PRISTINE driver already
contains two -- in dma_esp32_config_rx() and dma_esp32_reload(). The count proved nothing.

Re-run with the resets counted INSIDE dma_esp32_stop(), the channel reset ALONE is sufficient:
canary 0/8, 100 cycles, with the I2S RX unit left running. See
evidence/20260713-hw027-dma_stop-returns-before-the-channel-stops.log.

================================================================================

HW-024  ESP32 I2S: the leak fix I published had TWO bugs of its own -- and the harness
        I built to prove it caught them CAUGHT ONLY ONE. A human caught the other, by
        eye. This file is the corrected record.

        M5Stack StickS3 (ESP32-S3-PICO-1), Zephyr 4.4.0, 2026-07-12/13.
        Upstream: issue #113310, PR #113311.


READ THIS FIRST: THE FIRST VERSION OF THIS FILE OVERCLAIMED
------------------------------------------------------------
It said, of the four-build table below, "the test fails on both of my own bugs. That is
what makes it a test rather than a demonstration."

That was FALSE, and it was published -- in this file, in a commit message, in the body of
PR #113311, and in a comment to the Espressif area maintainer who had just asked to take
the fix into his own PR.

The harness printed `STOP drained 0 tail blocks` on the i2s_hal_tx_stop build and then
printed `STRESS PASSED`, because nothing in it ever ASSERTED on that number. `tail` was
counted, printed, and thrown away; the pass/fail conditions looked only at the mem-slab
census, the canary, and the cycle count. And the slab census could not possibly see this
bug: stopping the TX unit kills the shared bit clock, so RX never reaches STOPPING, so
nothing leaks and nothing is double-freed. Two defects, each hiding the other, behind a
flat 8/8 slab.

What actually caught it was a person reading "drained 0" next to stock Zephyr's
"drained 1" and asking why. A test that prints the evidence and does not check it is not
a test, and I said it was one.

The harness now asserts it. Re-measured, and both directions verified below.


THE BUG THE OLD HARNESS COULD NOT SEE, AND THE ONE IT COULD
-----------------------------------------------------------
    build                                  graceful STOP    mem-slab        verdict
    ---------------------------------------------------------------------------------
    stock upstream Zephyr                  drains 1/1       LEAKS 8,7,6...  FAILED
    my patch v1 (i2s_hal_tx_stop)          DRAINS 0 of 27   flat 8/8        FAILED *
    my patch v2, RX hand-off removed       drains 1/1       CORRUPT rx=9/8  FAILED
    my patch v2, complete                  drains 27/27     flat 8/8        PASSED

    * this row is the correction. With the old harness it read PASSED.

The corrected harness's verdict on the tx_stop build, verbatim:

    *** STRESS FAILED: 27 of 27 graceful STOPs drained NOTHING (first at cycle 3).
        The RX callback's STOPPING branch always hands its final block to the receive
        queue before it stops, so an empty tail read means that branch never ran and
        the RX DMA never finished the block it was holding. On this SoC that is what
        stopping the I2S TX unit does: the TX unit is the source of the shared bit
        clock, and the RX side is then stranded in I2S_STATE_STOPPING for good.

        The slab is FLAT and the canary is CLEAN and it is still broken. ***

and on the correct driver:

    === STRESS PASSED: 100 cycles -- 20 with TX starved on purpose, and 27 ended with
        a graceful I2S_TRIGGER_STOP instead of a DROP. All 27 of those drained a tail
        block (0 came back empty), the slab held 8/8 free the whole way, and the canary
        was clean. ===


WHAT THE OLD STRESS COULD NOT SEE AT ALL
-----------------------------------------
The stress that signed off the first version of the fix ran 100 cycles of
configure/START/io/DROP and passed. I2S_TRIGGER_DROP goes straight to I2S_STATE_READY
under irq_lock; I2S_TRIGGER_STOP is the only trigger that ever reaches
I2S_STATE_STOPPING, and BOTH of the bugs below live there. A test whose inputs never vary
cannot find a defect that only appears when they do.

So the stress now ends one cycle in three with a graceful STOP and a tail read -- and,
since 2026-07-13, ASSERTS that the tail read returns something.


BUG 1 -- I STOPPED THE WRONG UNIT, AND IT KILLED THE BIT CLOCK
--------------------------------------------------------------
The crash the quiesce fixes is real: on the GDMA path *_stop_transfer() called dma_stop()
and nothing else, so the hardware went on writing into a block that had just been handed
back to the slab, and the audio landed on the free-list next pointer. Stopping the I2S
unit before dma_stop() fixes it.

But I did it in BOTH directions "for symmetry", and symmetry is exactly wrong here:

  RX DMA WRITES to the mem-slab block. A burst that lands after the free corrupts the
     free list. Stopping the RX unit is necessary.
  TX DMA only READS from it. A late read of a freed block cannot move one byte of slab
     metadata. Stopping the TX unit is not necessary --

  -- and it is harmful, because on this SoC the I2S TX unit is what generates the shared
  bit clock. On a full-duplex graceful STOP the TX side stops first; the bit clock dies
  with it; the RX DMA can then never finish the block it is holding;
  i2s_esp32_rx_callback() never fires again; and the stream is stranded in
  I2S_STATE_STOPPING forever.

Measured, cycle 3, same code, three drivers:

    stock upstream          my patch v1                 my patch v2 (correct)
    c3.stop    tx=4 rx=5    c3.stop    tx=6 rx=7        c3.stop    tx=6 rx=7
    c3.stopped tx=5 rx=5    c3.stopped tx=7 rx=7        c3.stopped tx=7 rx=7
    c3.tail    tx=5 rx=6    c3.tail    tx=7 rx=7        c3.tail    tx=7 rx=8
    drained 1 tail block    DRAINED 0 TAIL BLOCKS       drained 1 tail block

rx frozen at 7 for a full 150 ms is an RX DMA that is not running. Stock recovers; my
patch did not, every single time.

Note what the pristine non-GDMA branch actually calls, which is what I thought I was
mirroring: i2s_hal_tx_stop_LINK() -- the DMA link -- not i2s_hal_tx_stop(), the unit.
I mirrored the wrong function. (Both names do appear in the pristine driver, in
*_start_transfer(), which stops and resets the unit before arming the next transfer.
That also made a bare `grep i2s_hal_rx_stop` idempotency test say "already patched"
about a completely untouched tree; that check now matches the two-line sequence.)


BUG 2 -- PART 3 TURNED THE LEAK INTO A DOUBLE FREE ON THE STOPPING PATH
-----------------------------------------------------------------------
Giving *_stop_transfer() the job of returning whatever mem_block points at is right for a
block the DMA still owns, and wrong for one the RX callback has already handed to the
receive queue -- because mem_block goes on pointing at it. Six lines below that
k_msgq_put(), the STOPPING branch does `goto rx_disable`, which lands in
rx_stop_transfer(), which frees the block the queue is holding. i2s_read() then returns a
block that is already on the free list and frees it a second time.

The leak had been covering for this one too.

Measured with the RX hand-off removed -- the mechanism, step by step, in the census:

    c3.stop      tx=6 rx=7    one RX block in flight, queue empty
    c3.stopped   tx=7 rx=8    rx_stop_transfer() freed the block the QUEUE owns  (7 -> 8)
    c3.tail-done tx=7 rx=9    i2s_read() freed the same block again              (8 -> 9)
    *** STRESS: SLAB CORRUPT at cycle 4: tx=8 rx=9 of 8. ***

Nine free blocks in a slab of eight: the same block is on the free list twice.

The fix is to hand ownership over explicitly -- NULL mem_block at the instant the queue
takes the block -- after which every path out of the callback is correct by construction
rather than by accident:

    queue full     mem_block still ours        -> rx_stop_transfer() frees it   (right)
    STOPPING       mem_block NULL, queue owns  -> rx_stop_transfer() skips it   (right)
    alloc failed   k_mem_slab_alloc() NULLs it -> rx_stop_transfer() skips it   (right)
    dma failed     freed and NULLed inline     -> rx_stop_transfer() skips it   (right)

The alloc-failure row is worth spelling out, because a reviewer raised it as a second
double-free trigger and it is not one -- but only by luck. It is safe TODAY because
k_mem_slab_alloc() writes NULL through its out-parameter when a K_NO_WAIT allocation
fails (kernel/mem_slab.c). That is an implementation detail of the allocator, not a
documented contract. With the hand-off above, that path no longer depends on it.


AND THE PART WORTH REMEMBERING
------------------------------
Bug 1 was found by eye, not by the harness, and the harness then told me -- in capital
letters, in a log I committed -- that it had found it. Two bugs on the same code path,
each masking the other, behind a green test.

The harness now asserts the one thing it was only printing. Both directions are verified
below: it fails on the tx_stop build and passes on the correct one.

================================================================================
1. STOCK upstream Zephyr, no patch. Graceful STOP works; the slab leaks.
================================================================================
*** Booting Zephyr OS build v4.4.0 ***

M5StickS3 Zephyr validation app

Board: m5stack_sticks3

[00:00:00.325,000] <inf> gfx: Pixel format RGB_565 (high byte first)

[00:00:00.325,000] <inf> gfx: Display ready (135x240)

[00:00:00.397,000] <inf> audio: audio_init OK (16 kHz/16-bit, amp off)


=== I2S stress: 100 cycles, TX starved every 5, graceful STOP every 3 ===

slab : free blocks per direction, read BEFORE each cycle. It must stay

       at 8. Falling means the driver is losing the DMA's in-flight

       block on every DROP; rising above 8 means a block was freed

       twice and the free list has a cycle in it.

starve: TX is left to run dry, which drives the driver down its

       tx_disable path -- one of the two places the leak fix could

       double-free.

STOP  : the other one. I2S_TRIGGER_STOP is the only trigger that reaches

       I2S_STATE_STOPPING -- DROP goes straight to READY -- and that is

       where the RX callback hands its block to the queue while still

       pointing at it. A DROP-only stress cannot see that path at all.


  stress   1: slab tx=8 rx=8

    c1.reset     tx=8 rx=8

    c1.configure tx=8 rx=8

    c1.prequeue  tx=8 rx=8

    c1.start     tx=6 rx=8

    c1.io        tx=6 rx=7

    c1.drop      tx=6 rx=7

    c1.dropped   tx=7 rx=7

    c1.canary  stamped 7 free rx blocks, waited 50 ms, 0 came back written to

  stress   2: slab tx=7 rx=7

    c2.reset     tx=7 rx=7

    c2.configure tx=7 rx=7

    c2.prequeue  tx=7 rx=7

    c2.start     tx=5 rx=7

    c2.io        tx=5 rx=6

    c2.drop      tx=5 rx=6

    c2.dropped   tx=6 rx=6

    c2.canary  stamped 6 free rx blocks, waited 50 ms, 0 came back written to

  stress   3: slab tx=6 rx=6   graceful STOP + tail read

    c3.reset     tx=6 rx=6

    c3.configure tx=6 rx=6

    c3.prequeue  tx=6 rx=6

    c3.start     tx=4 rx=6

    c3.io        tx=4 rx=5

    c3.stop      tx=4 rx=5

    c3.stopped   tx=5 rx=5

    c3.tail-read tx=5 rx=5

    c3.tail-done tx=5 rx=6

             STOP drained 1 tail block

    c3.drop      tx=5 rx=6

    c3.dropped   tx=6 rx=6

  stress   4: slab tx=6 rx=6

  stress   5: slab tx=5 rx=5   TX starved on purpose

  stress   6: slab tx=5 rx=4   graceful STOP + tail read

             STOP drained 1 tail block

  stress   7: slab tx=5 rx=4

  stress   8: slab tx=4 rx=3

  stress   9: slab tx=3 rx=2   graceful STOP + tail read

             STOP drained 1 tail block

  stress  10: slab tx=3 rx=2   TX starved on purpose


*** STRESS: SLAB EXHAUSTED at cycle 12: tx=2 rx=1 of 8.

    The driver leaks one block per direction per START/DROP.

    Starting anyway would block FOREVER inside i2s_buf_write(),

    which allocates with K_FOREVER -- no error, no log line.

    Fix: scripts/patch_zephyr_i2s_leak.sh ***



  final census: tx=2 rx=1 of 8


*** STRESS FAILED: the slab leaked out after 12 cycle(s).

    This is the unpatched Zephyr ESP32 I2S driver. ***


*** I2S SLAB STRESS FAILED ***

alive uptime_ms=2997 page=0 KEY1=1 KEY2=1 bat=4182 soc=100 vin=5156 imu=1 accel=[0.846974 3.769785 8.923461]

alive uptime_ms=4047 page=0 KEY1=1 KEY2=1 bat=4184 soc=100 vin=5166 imu=1 accel=[0.827820 3.760807 8.897723]

alive uptime_ms=5057 page=0 KEY1=1 KEY2=1 bat=4180 soc=100 vin=5162 imu=1 accel=[0.829616 3.777566 8.964164]

alive uptime_ms=6068 page=0 KEY1=1 KEY2=1 bat=4180 soc=100 vin=5156 imu=1 accel=[0.840390 3.752427 8.906701]

alive uptime_ms=7078 page=0 KEY1=1 KEY2=1 bat=4180 soc=100 vin=5162 imu=1 accel=[0.820039 3.787144 8.961171]

alive uptime_ms=8088 page=0 KEY1=1 KEY2=1 bat=4184 soc=100 vin=5160 imu=1 accel=[0.784124 3.775771 8.982121]

alive uptime_ms=9099 page=0 KEY1=1 KEY2=1 bat=4180 soc=100 vin=5160 imu=1 accel=[0.893663 3.736864 8.885752]

alive uptime_ms=10109 page=0 KEY1=1 KEY2=1 bat=4184 soc=100 vin=5166 imu=1 accel=[0.795497 3.778764 8.974938]

alive uptime_ms=11120 page=0 KEY1=1 KEY2=1 bat=4178 soc=100 vin=5158 imu=1 accel=[0.820039 3.784151 8.939623]

alive uptime_ms=12130 page=0 KEY1=1 KEY2=1 bat=4180 soc=100 vin=5156 imu=1 accel=[0.843383 3.758412 8.927053]

alive uptime_ms=13141 page=0 KEY1=1 KEY2=1 bat=4180 soc=100 vin=5154 imu=1 accel=[0.842186 3.754222 8.901314]

alive uptime_ms=14152 page=0 KEY1=1 KEY2=1 bat=4182 soc=100 vin=5160 imu=1 accel=[0.775745 3.813481 9.000078]

alive uptime_ms=15162 page=0 KEY1=1 KEY2=1 bat=4184 soc=100 vin=5166 imu=1 accel=[0.840390 3.750631 8.948601]

alive uptime_ms=16173 page=0 KEY1=1 KEY2=1 bat=4180 soc=100 vin=5160 imu=1 accel=[0.856551 3.763201 8.918673]

alive uptime_ms=17183 page=0 KEY1=1 KEY2=1 bat=4180 soc=100 vin=5158 imu=1 accel=[0.835601 3.774574 8.959974]

alive uptime_ms=18194 page=0 KEY1=1 KEY2=1 bat=4182 soc=100 vin=5164 imu=1 accel=[0.820039 3.757215 8.939024]

alive uptime_ms=19205 page=0 KEY1=1 KEY2=1 bat=4184 soc=100 vin=5160 imu=1 accel=[0.820039 3.783552 8.954587]

alive uptime_ms=20215 page=0 KEY1=1 KEY2=1 bat=4184 soc=100 vin=5164 imu=1 accel=[0.792504 3.779362 8.982121]

alive uptime_ms=21226 page=0 KEY1=1 KEY2=1 bat=4180 soc=100 vin=5162 imu=1 accel=[0.835003 3.764398 8.918673]

alive uptime_ms=22236 page=0 KEY1=1 KEY2=1 bat=4178 soc=100 vin=5160 imu=1 accel=[0.853558 3.750631 8.920469]

alive uptime_ms=23247 page=0 KEY1=1 KEY2=1 bat=4180 soc=100 vin=5156 imu=1 accel=[0.760182 3.800312 9.022225]

alive uptime_ms=24258 page=0 KEY1=1 KEY2=1 bat=4184 soc=100 vin=5162 imu=1 accel=[0.858946 3.767391 8.909694]

alive uptime_ms=25268 page=0 KEY1=1 KEY2=1 bat=4180 soc=100 vin=5162 imu=1 accel=[0.812856 3.776369 8.952193]

alive uptime_ms=26279 page=0 KEY1=1 KEY2=1 bat=4180 soc=100 vin=5156 imu=1 accel=[0.867326 3.767391 8.883357]

alive uptime_ms=27289 page=0 KEY1=1 KEY2=1 bat=4180 soc=100 vin=5160 imu=1 accel=[0.759583 3.790136 8.997684]

alive uptime_ms=28300 page=0 KEY1=1 KEY2=1 bat=4182 soc=100 vin=5156 imu=1 accel=[0.905634 3.765595 8.877372]

alive uptime_ms=29311 page=0 KEY1=1 KEY2=1 bat=4180 soc=100 vin=5156 imu=1 accel=[0.802082 3.767391 8.952193]

alive uptime_ms=30321 page=0 KEY1=1 KEY2=1 bat=4176 soc=100 vin=5152 imu=1 accel=[0.787117 3.800312 8.983917]

alive uptime_ms=31332 page=0 KEY1=1 KEY2=1 bat=4180 soc=100 vin=5162 imu=1 accel=[0.876304 3.751828 8.868992]

alive uptime_ms=32342 page=0 KEY1=1 KEY2=1 bat=4184 soc=100 vin=5164 imu=1 accel=[0.799687 3.781158 8.948003]

alive uptime_ms=33353 page=0 KEY1=1 KEY2=1 bat=4180 soc=100 vin=5156 imu=1 accel=[0.792504 3.753624 8.956383]

alive uptime_ms=34364 page=0 KEY1=1 KEY2=1 bat=4180 soc=100 vin=5160 imu=1 accel=[0.809863 3.760208 8.943813]

alive uptime_ms=35374 page=0 KEY1=1 KEY2=1 bat=4184 soc=100 vin=5162 imu=1 accel=[0.841587 3.782954 8.946806]

alive uptime_ms=36385 page=0 KEY1=1 KEY2=1 bat=4180 soc=100 vin=5160 imu=1 accel=[0.816447 3.772778 8.931243]

alive uptime_ms=37395 page=0 KEY1=1 KEY2=1 bat=4182 soc=100 vin=5160 imu=1 accel=[0.820039 3.730878 8.965361]

alive uptime_ms=38406 page=0 KEY1=1 KEY2=1 bat=4180 soc=100 vin=5156 imu=1 accel=[0.811060 3.770982 8.960573]

alive uptime_ms=39417 page=0 KEY1=1 KEY2=1 bat=4180 soc=100 vin=5162 imu=1 accel=[0.869720 3.777566 8.911490]

alive uptime_ms=40427 page=0 KEY1=1 KEY2=1 bat=4182 soc=100 vin=5162 imu=1 accel=[0.784723 3.783552 8.985114]

alive uptime_ms=41438 page=0 KEY1=1 KEY2=1 bat=4178 soc=100 vin=5156 imu=1 accel=[0.813454 3.792531 8.954587]

alive uptime_ms=42448 page=0 KEY1=1 KEY2=1 bat=4176 soc=100 vin=5158 imu=1 accel=[0.898451 3.754222 8.888744]

alive uptime_ms=43459 page=0 KEY1=1 KEY2=1 bat=4176 soc=100 vin=5154 imu=1 accel=[0.815250 3.781756 8.952791]


[monitor captured 9641 chars; last 1.5s silent]

================================================================================
2. MY PATCH v1 -- with i2s_hal_tx_stop(), against the CORRECTED harness.
   The slab is flat 8/8 the whole way and the canary is clean. It fails anyway:
   27 of 27 graceful STOPs drained nothing. This is the run the old harness passed.
================================================================================
*** Booting Zephyr OS build v4.4.0 ***

M5StickS3 Zephyr validation app

Board: m5stack_sticks3

[00:00:00.325,000] <inf> gfx: Pixel format RGB_565 (high byte first)

[00:00:00.325,000] <inf> gfx: Display ready (135x240)

[00:00:00.402,000] <inf> audio: audio_init OK (16 kHz/16-bit, amp off)


=== I2S stress: 100 cycles, TX starved every 5, graceful STOP every 3 ===

slab : free blocks per direction, read BEFORE each cycle. It must stay

       at 8. Falling means the driver is losing the DMA's in-flight

       block on every DROP; rising above 8 means a block was freed

       twice and the free list has a cycle in it.

starve: TX is left to run dry, which drives the driver down its

       tx_disable path -- one of the two places the leak fix could

       double-free.

STOP  : the other one. I2S_TRIGGER_STOP is the only trigger that reaches

       I2S_STATE_STOPPING -- DROP goes straight to READY -- and that is

       where the RX callback hands its block to the queue while still

       pointing at it. A DROP-only stress cannot see that path at all.


  stress   1: slab tx=8 rx=8

    c1.reset     tx=8 rx=8

    c1.configure tx=8 rx=8

    c1.prequeue  tx=8 rx=8

    c1.start     tx=6 rx=8

    c1.io        tx=6 rx=7

    c1.drop      tx=6 rx=7

    c1.dropped   tx=8 rx=8

    c1.canary  stamped 8 free rx blocks, waited 50 ms, 0 came back written to

  stress   2: slab tx=8 rx=8

    c2.reset     tx=8 rx=8

    c2.configure tx=8 rx=8

    c2.prequeue  tx=8 rx=8

    c2.start     tx=6 rx=8

    c2.io        tx=6 rx=7

    c2.drop      tx=6 rx=7

    c2.dropped   tx=8 rx=8

    c2.canary  stamped 8 free rx blocks, waited 50 ms, 0 came back written to

  stress   3: slab tx=8 rx=8   graceful STOP + tail read

    c3.reset     tx=8 rx=8

    c3.configure tx=8 rx=8

    c3.prequeue  tx=8 rx=8

    c3.start     tx=6 rx=8

    c3.io        tx=6 rx=7

    c3.stop      tx=6 rx=7

    c3.stopped   tx=7 rx=7

    c3.tail-read tx=7 rx=7

    c3.tail-done tx=7 rx=7

             STOP drained 0 tail blocks

    c3.drop      tx=7 rx=7

    c3.dropped   tx=8 rx=8

  stress   4: slab tx=8 rx=8

  stress   5: slab tx=8 rx=8   TX starved on purpose

  stress   6: slab tx=8 rx=8   graceful STOP + tail read

             STOP drained 0 tail blocks

  stress   7: slab tx=8 rx=8

  stress   8: slab tx=8 rx=8

  stress   9: slab tx=8 rx=8   graceful STOP + tail read

             STOP drained 0 tail blocks

  stress  10: slab tx=8 rx=8   TX starved on purpose

  stress  12: slab tx=8 rx=8   graceful STOP + tail read

  stress  15: slab tx=8 rx=8   TX starved on purpose

  stress  18: slab tx=8 rx=8   graceful STOP + tail read

  stress  20: slab tx=8 rx=8   TX starved on purpose

  stress  21: slab tx=8 rx=8   graceful STOP + tail read

  stress  24: slab tx=8 rx=8   graceful STOP + tail read

  stress  25: slab tx=8 rx=8   TX starved on purpose

  stress  27: slab tx=8 rx=8   graceful STOP + tail read

  stress  30: slab tx=8 rx=8   TX starved on purpose

  stress  33: slab tx=8 rx=8   graceful STOP + tail read

  stress  35: slab tx=8 rx=8   TX starved on purpose

  stress  36: slab tx=8 rx=8   graceful STOP + tail read

  stress  39: slab tx=8 rx=8   graceful STOP + tail read

  stress  40: slab tx=8 rx=8   TX starved on purpose

  stress  42: slab tx=8 rx=8   graceful STOP + tail read

  stress  45: slab tx=8 rx=8   TX starved on purpose

  stress  48: slab tx=8 rx=8   graceful STOP + tail read

  stress  50: slab tx=8 rx=8   TX starved on purpose

  stress  51: slab tx=8 rx=8   graceful STOP + tail read

  stress  54: slab tx=8 rx=8   graceful STOP + tail read

  stress  55: slab tx=8 rx=8   TX starved on purpose

  stress  57: slab tx=8 rx=8   graceful STOP + tail read

  stress  60: slab tx=8 rx=8   TX starved on purpose

  stress  63: slab tx=8 rx=8   graceful STOP + tail read

  stress  65: slab tx=8 rx=8   TX starved on purpose

  stress  66: slab tx=8 rx=8   graceful STOP + tail read

  stress  69: slab tx=8 rx=8   graceful STOP + tail read

  stress  70: slab tx=8 rx=8   TX starved on purpose

  stress  72: slab tx=8 rx=8   graceful STOP + tail read

  stress  75: slab tx=8 rx=8   TX starved on purpose

  stress  78: slab tx=8 rx=8   graceful STOP + tail read

  stress  80: slab tx=8 rx=8   TX starved on purpose

  stress  81: slab tx=8 rx=8   graceful STOP + tail read

  stress  84: slab tx=8 rx=8   graceful STOP + tail read

  stress  85: slab tx=8 rx=8   TX starved on purpose

  stress  87: slab tx=8 rx=8   graceful STOP + tail read

  stress  90: slab tx=8 rx=8   TX starved on purpose

  stress  93: slab tx=8 rx=8   graceful STOP + tail read

  stress  95: slab tx=8 rx=8   TX starved on purpose

  stress  96: slab tx=8 rx=8   graceful STOP + tail read

  stress  99: slab tx=8 rx=8   graceful STOP + tail read

  stress 100: slab tx=8 rx=8   TX starved on purpose


  final census: tx=8 rx=8 of 8


*** STRESS FAILED: 27 of 27 graceful STOPs drained NOTHING (first at

    cycle 3). The RX callback's STOPPING branch always hands its final

    block to the receive queue before it stops, so an empty tail read

    means that branch never ran and the RX DMA never finished the block

    it was holding. On this SoC that is what stopping the I2S TX unit

    does: the TX unit is the source of the shared bit clock, and the RX

    side is then stranded in I2S_STATE_STOPPING for good.


    The slab is FLAT and the canary is CLEAN and it is still broken. ***


*** I2S SLAB STRESS FAILED ***

alive uptime_ms=22688 page=0 KEY1=1 KEY2=1 bat=4178 soc=100 vin=5154 imu=1 accel=[3.607573 0.041899 9.132362]

alive uptime_ms=23739 page=0 KEY1=1 KEY2=1 bat=4182 soc=100 vin=5164 imu=1 accel=[3.572257 0.041899 9.110813]

alive uptime_ms=24749 page=0 KEY1=1 KEY2=1 bat=4180 soc=100 vin=5158 imu=1 accel=[3.563279 0.066441 9.107821]

alive uptime_ms=25760 page=0 KEY1=1 KEY2=1 bat=4176 soc=100 vin=5160 imu=1 accel=[3.557892 0.027534 9.183240]

alive uptime_ms=26770 page=0 KEY1=1 KEY2=1 bat=4178 soc=100 vin=5160 imu=1 accel=[3.575250 0.049082 9.092856]

alive uptime_ms=27781 page=0 KEY1=1 KEY2=1 bat=4188 soc=100 vin=5168 imu=1 accel=[3.585426 0.064046 9.122785]

alive uptime_ms=28792 page=0 KEY1=1 KEY2=1 bat=4180 soc=100 vin=5164 imu=1 accel=[3.600989 0.069433 9.149122]

alive uptime_ms=29802 page=0 KEY1=1 KEY2=1 bat=4178 soc=100 vin=5156 imu=1 accel=[3.535745 0.056265 9.161093]

alive uptime_ms=30813 page=0 KEY1=1 KEY2=1 bat=4180 soc=100 vin=5164 imu=1 accel=[3.578842 0.010774 9.144932]

alive uptime_ms=31823 page=0 KEY1=1 KEY2=1 bat=4180 soc=100 vin=5162 imu=1 accel=[3.605179 0.034716 9.098842]

alive uptime_ms=32834 page=0 KEY1=1 KEY2=1 bat=4178 soc=100 vin=5158 imu=1 accel=[3.585426 0.062251 9.132960]

alive uptime_ms=33845 page=0 KEY1=1 KEY2=1 bat=4182 soc=100 vin=5164 imu=1 accel=[3.607573 0.070032 9.101236]

alive uptime_ms=34855 page=0 KEY1=1 KEY2=1 bat=4178 soc=100 vin=5156 imu=1 accel=[3.585426 0.040702 9.131763]

alive uptime_ms=35866 page=0 KEY1=1 KEY2=1 bat=4182 soc=100 vin=5160 imu=1 accel=[3.606376 0.067638 9.118595]

alive uptime_ms=36876 page=0 KEY1=1 KEY2=1 bat=4182 soc=100 vin=5164 imu=1 accel=[3.593806 0.061652 9.115602]

alive uptime_ms=37887 page=0 KEY1=1 KEY2=1 bat=4180 soc=100 vin=5164 imu=1 accel=[3.589616 0.061054 9.130566]

alive uptime_ms=38898 page=0 KEY1=1 KEY2=1 bat=4178 soc=100 vin=5164 imu=1 accel=[3.602784 0.070631 9.135953]

alive uptime_ms=39908 page=0 KEY1=1 KEY2=1 bat=4182 soc=100 vin=5162 imu=1 accel=[3.595003 0.068236 9.125179]

alive uptime_ms=40919 page=0 KEY1=1 KEY2=1 bat=4178 soc=100 vin=5158 imu=1 accel=[3.575849 0.063448 9.133559]

alive uptime_ms=41929 page=0 KEY1=1 KEY2=1 bat=4180 soc=100 vin=5164 imu=1 accel=[3.602784 0.049681 9.128172]

alive uptime_ms=42940 page=0 KEY1=1 KEY2=1 bat=4186 soc=100 vin=5168 imu=1 accel=[3.594404 0.059258 9.147925]

alive uptime_ms=43951 page=0 KEY1=1 KEY2=1 bat=4186 soc=100 vin=5168 imu=1 accel=[3.590813 0.056265 9.109616]

alive uptime_ms=44961 page=0 KEY1=1 KEY2=1 bat=4178 soc=100 vin=5158 imu=1 accel=[3.588419 0.049082 9.107821]

alive uptime_ms=45972 page=0 KEY1=1 KEY2=1 bat=4178 soc=100 vin=5158 imu=1 accel=[3.577645 0.009577 9.143735]

alive uptime_ms=46982 page=0 KEY1=1 KEY2=1 bat=4182 soc=100 vin=5162 imu=1 accel=[3.566870 0.036512 9.125179]

alive uptime_ms=47993 page=0 KEY1=1 KEY2=1 bat=4176 soc=100 vin=5156 imu=1 accel=[3.609369 0.046089 9.120391]

alive uptime_ms=49004 page=0 KEY1=1 KEY2=1 bat=4178 soc=100 vin=5156 imu=1 accel=[3.596200 0.052674 9.106623]

alive uptime_ms=50014 page=0 KEY1=1 KEY2=1 bat=4178 soc=100 vin=5156 imu=1 accel=[3.600390 0.038906 9.115003]

alive uptime_ms=51025 page=0 KEY1=1 KEY2=1 bat=4178 soc=100 vin=5158 imu=1 accel=[3.577645 0.044892 9.134158]

alive uptime_ms=52035 page=0 KEY1=1 KEY2=1 bat=4180 soc=100 vin=5160 imu=1 accel=[3.592609 0.073025 9.111412]

alive uptime_ms=53046 page=0 KEY1=1 KEY2=1 bat=4184 soc=100 vin=5170 imu=1 accel=[3.596799 0.058659 9.113806]

alive uptime_ms=54057 page=0 KEY1=1 KEY2=1 bat=4178 soc=100 vin=5162 imu=1 accel=[3.586623 0.043096 9.133559]

alive uptime_ms=55067 page=0 KEY1=1 KEY2=1 bat=4180 soc=100 vin=5160 imu=1 accel=[3.565673 0.046089 9.149720]

alive uptime_ms=56078 page=0 KEY1=1 KEY2=1 bat=4182 soc=100 vin=5164 imu=1 accel=[3.605179 0.062251 9.117398]

alive uptime_ms=57088 page=0 KEY1=1 KEY2=1 bat=4180 soc=100 vin=5164 imu=1 accel=[3.603383 0.050279 9.123982]

alive uptime_ms=58099 page=0 KEY1=1 KEY2=1 bat=4180 soc=100 vin=5164 imu=1 accel=[3.596799 0.052075 9.118595]

alive uptime_ms=59110 page=0 KEY1=1 KEY2=1 bat=4180 soc=100 vin=5162 imu=1 accel=[3.579440 0.055666 9.135355]

alive uptime_ms=60120 page=0 KEY1=1 KEY2=1 bat=4186 soc=100 vin=5166 imu=1 accel=[3.599792 0.036512 9.132960]

alive uptime_ms=61131 page=0 KEY1=1 KEY2=1 bat=4180 soc=100 vin=5160 imu=1 accel=[3.575250 0.067039 9.125778]

alive uptime_ms=62141 page=0 KEY1=1 KEY2=1 bat=4180 soc=100 vin=5156 imu=1 accel=[3.570462 0.048484 9.127573]

alive uptime_ms=63152 page=0 KEY1=1 KEY2=1 bat=4180 soc=100 vin=5158 imu=1 accel=[3.591412 0.065243 9.116799]

alive uptime_ms=64163 page=0 KEY1=1 KEY2=1 bat=4182 soc=100 vin=5162 imu=1 accel=[3.589017 0.061054 9.114405]

alive uptime_ms=65173 page=0 KEY1=1 KEY2=1 bat=4180 soc=100 vin=5166 imu=1 accel=[3.602784 0.046688 9.097046]

alive uptime_ms=66184 page=0 KEY1=1 KEY2=1 bat=4182 soc=100 vin=5162 imu=1 accel=[3.600390 0.052674 9.131763]

alive uptime_ms=67194 page=0 KEY1=1 KEY2=1 bat=4182 soc=100 vin=5164 imu=1 accel=[3.574652 0.076018 9.095251]

alive uptime_ms=68205 page=0 KEY1=1 KEY2=1 bat=4182 soc=100 vin=5164 imu=1 accel=[3.599792 0.085595 9.095849]

alive uptime_ms=69216 page=0 KEY1=1 KEY2=1 bat=4182 soc=100 vin=5164 imu=1 accel=[3.572856 0.065243 9.170670]


[monitor captured 12835 chars; last 0.0s silent]

================================================================================
3. MY PATCH v2 with the RX hand-off REMOVED -- the callback keeps pointing at the block
   it gave the queue. rx climbs to 9 of 8 and the census stops the run.
================================================================================
*** Booting Zephyr OS build v4.4.0 ***

M5StickS3 Zephyr validation app

Board: m5stack_sticks3

[00:00:00.325,000] <inf> gfx: Pixel format RGB_565 (high byte first)

[00:00:00.325,000] <inf> gfx: Display ready (135x240)

[00:00:00.397,000] <inf> audio: audio_init OK (16 kHz/16-bit, amp off)


=== I2S stress: 100 cycles, TX starved every 5, graceful STOP every 3 ===

slab : free blocks per direction, read BEFORE each cycle. It must stay

       at 8. Falling means the driver is losing the DMA's in-flight

       block on every DROP; rising above 8 means a block was freed

       twice and the free list has a cycle in it.

starve: TX is left to run dry, which drives the driver down its

       tx_disable path -- one of the two places the leak fix could

       double-free.

STOP  : the other one. I2S_TRIGGER_STOP is the only trigger that reaches

       I2S_STATE_STOPPING -- DROP goes straight to READY -- and that is

       where the RX callback hands its block to the queue while still

       pointing at it. A DROP-only stress cannot see that path at all.


  stress   1: slab tx=8 rx=8

    c1.reset     tx=8 rx=8

    c1.configure tx=8 rx=8

    c1.prequeue  tx=8 rx=8

    c1.start     tx=6 rx=8

    c1.io        tx=6 rx=7

    c1.drop      tx=6 rx=7

    c1.dropped   tx=8 rx=8

    c1.canary  stamped 8 free rx blocks, waited 50 ms, 0 came back written to

  stress   2: slab tx=8 rx=8

    c2.reset     tx=8 rx=8

    c2.configure tx=8 rx=8

    c2.prequeue  tx=8 rx=8

    c2.start     tx=6 rx=8

    c2.io        tx=6 rx=7

    c2.drop      tx=6 rx=7

    c2.dropped   tx=8 rx=8

    c2.canary  stamped 8 free rx blocks, waited 50 ms, 0 came back written to

  stress   3: slab tx=8 rx=8   graceful STOP + tail read

    c3.reset     tx=8 rx=8

    c3.configure tx=8 rx=8

    c3.prequeue  tx=8 rx=8

    c3.start     tx=6 rx=8

    c3.io        tx=6 rx=7

    c3.stop      tx=6 rx=7

    c3.stopped   tx=7 rx=8

    c3.tail-read tx=7 rx=8

    c3.tail-done tx=7 rx=9

             STOP drained 1 tail block

    c3.drop      tx=7 rx=9

    c3.dropped   tx=8 rx=9


*** STRESS: SLAB CORRUPT at cycle 4: tx=8 rx=9 of 8.

    More free blocks than exist. The free list has a cycle:

    some block was returned to the slab twice. ***



  final census: tx=8 rx=9 of 8


*** STRESS FAILED: the slab free list was corrupted at cycle 4.

    A block was freed twice. ***


*** I2S SLAB STRESS FAILED ***

alive uptime_ms=1264 page=0 KEY1=1 KEY2=1 bat=4182 soc=100 vin=5154 imu=1 accel=[3.114951 0.053871 9.290384]

alive uptime_ms=2314 page=0 KEY1=1 KEY2=1 bat=4180 soc=100 vin=5156 imu=1 accel=[3.143682 0.262771 9.258061]

alive uptime_ms=3325 page=0 KEY1=1 KEY2=1 bat=4180 soc=100 vin=5156 imu=1 accel=[3.111360 0.022147 9.305947]

alive uptime_ms=4335 page=0 KEY1=1 KEY2=1 bat=4182 soc=100 vin=5162 imu=1 accel=[3.087417 0.001197 9.306545]

alive uptime_ms=5345 page=0 KEY1=1 KEY2=1 bat=4184 soc=100 vin=5160 imu=1 accel=[3.143682 0.007781 9.267638]

alive uptime_ms=6356 page=0 KEY1=1 KEY2=1 bat=4176 soc=100 vin=5158 imu=1 accel=[3.099388 0.028731 9.306545]

alive uptime_ms=7366 page=0 KEY1=1 KEY2=1 bat=4180 soc=100 vin=5156 imu=1 accel=[3.045517 0.006584 9.341861]

alive uptime_ms=8377 page=0 KEY1=1 KEY2=1 bat=4178 soc=100 vin=5154 imu=1 accel=[3.099388 0.028132 9.290384]

alive uptime_ms=9387 page=0 KEY1=1 KEY2=1 bat=4180 soc=100 vin=5156 imu=1 accel=[3.094001 0.044294 9.301757]

alive uptime_ms=10397 page=0 KEY1=1 KEY2=1 bat=4180 soc=100 vin=5150 imu=1 accel=[3.076044 0.018555 9.298165]

alive uptime_ms=11408 page=0 KEY1=1 KEY2=1 bat=4180 soc=100 vin=5156 imu=1 accel=[3.073051 0.022745 9.292180]

alive uptime_ms=12419 page=0 KEY1=1 KEY2=1 bat=4182 soc=100 vin=5164 imu=1 accel=[3.073051 0.038906 9.311932]

alive uptime_ms=13429 page=0 KEY1=1 KEY2=1 bat=4182 soc=100 vin=5164 imu=1 accel=[3.083227 0.028132 9.317918]

alive uptime_ms=14440 page=0 KEY1=1 KEY2=1 bat=4176 soc=100 vin=5154 imu=1 accel=[3.120338 0.040702 9.276018]

alive uptime_ms=15450 page=0 KEY1=1 KEY2=1 bat=4180 soc=100 vin=5156 imu=1 accel=[3.040728 0.008379 9.330488]

alive uptime_ms=16461 page=0 KEY1=1 KEY2=1 bat=4182 soc=100 vin=5158 imu=1 accel=[3.091607 0.052075 9.298764]

alive uptime_ms=17472 page=0 KEY1=1 KEY2=1 bat=4180 soc=100 vin=5156 imu=1 accel=[3.071255 0.032921 9.304750]

alive uptime_ms=18482 page=0 KEY1=1 KEY2=1 bat=4180 soc=100 vin=5156 imu=1 accel=[3.043123 0.030527 9.322108]

alive uptime_ms=19493 page=0 KEY1=1 KEY2=1 bat=4176 soc=100 vin=5156 imu=1 accel=[3.128119 0.046688 9.288588]

alive uptime_ms=20503 page=0 KEY1=1 KEY2=1 bat=4180 soc=100 vin=5158 imu=1 accel=[3.096994 0.008379 9.310735]

alive uptime_ms=21514 page=0 KEY1=1 KEY2=1 bat=4180 soc=100 vin=5156 imu=1 accel=[3.062875 0.029329 9.299363]

alive uptime_ms=22525 page=0 KEY1=1 KEY2=1 bat=4180 soc=100 vin=5158 imu=1 accel=[3.085621 0.024541 9.321510]

alive uptime_ms=23535 page=0 KEY1=1 KEY2=1 bat=4180 soc=100 vin=5154 imu=1 accel=[3.083227 0.037709 9.305348]

alive uptime_ms=24546 page=0 KEY1=1 KEY2=1 bat=4180 soc=100 vin=5156 imu=1 accel=[3.077840 0.022147 9.305348]

alive uptime_ms=25556 page=0 KEY1=1 KEY2=1 bat=4180 soc=100 vin=5160 imu=1 accel=[3.077241 0.032921 9.328094]

alive uptime_ms=26567 page=0 KEY1=1 KEY2=1 bat=4184 soc=100 vin=5162 imu=1 accel=[3.061678 0.030527 9.302355]

alive uptime_ms=27578 page=0 KEY1=1 KEY2=1 bat=4176 soc=100 vin=5156 imu=1 accel=[3.084424 0.026935 9.308341]

alive uptime_ms=28588 page=0 KEY1=1 KEY2=1 bat=4178 soc=100 vin=5162 imu=1 accel=[3.064073 0.042498 9.316721]

alive uptime_ms=29599 page=0 KEY1=1 KEY2=1 bat=4180 soc=100 vin=5156 imu=1 accel=[3.083227 0.032322 9.313130]

alive uptime_ms=30609 page=0 KEY1=1 KEY2=1 bat=4178 soc=100 vin=5158 imu=1 accel=[3.078438 0.013767 9.308940]

alive uptime_ms=31620 page=0 KEY1=1 KEY2=1 bat=4184 soc=100 vin=5160 imu=1 accel=[3.075445 0.032322 9.319714]

alive uptime_ms=32631 page=0 KEY1=1 KEY2=1 bat=4184 soc=100 vin=5158 imu=1 accel=[3.088614 0.040104 9.294574]

alive uptime_ms=33641 page=0 KEY1=1 KEY2=1 bat=4180 soc=100 vin=5156 imu=1 accel=[3.082030 0.029928 9.316721]

alive uptime_ms=34652 page=0 KEY1=1 KEY2=1 bat=4178 soc=100 vin=5156 imu=1 accel=[3.072453 0.044892 9.307743]

alive uptime_ms=35662 page=0 KEY1=1 KEY2=1 bat=4180 soc=100 vin=5156 imu=1 accel=[3.085621 0.035914 9.313728]

alive uptime_ms=36673 page=0 KEY1=1 KEY2=1 bat=4180 soc=100 vin=5160 imu=1 accel=[3.071854 0.023344 9.311334]

alive uptime_ms=37684 page=0 KEY1=1 KEY2=1 bat=4180 soc=100 vin=5156 imu=1 accel=[3.082628 0.040702 9.302954]

alive uptime_ms=38694 page=0 KEY1=1 KEY2=1 bat=4184 soc=100 vin=5162 imu=1 accel=[3.086818 0.029329 9.290983]

alive uptime_ms=39705 page=0 KEY1=1 KEY2=1 bat=4176 soc=100 vin=5158 imu=1 accel=[3.088015 0.038308 9.323904]

alive uptime_ms=40715 page=0 KEY1=1 KEY2=1 bat=4180 soc=100 vin=5162 imu=1 accel=[3.059284 0.049681 9.307144]

alive uptime_ms=41726 page=0 KEY1=1 KEY2=1 bat=4180 soc=100 vin=5156 imu=1 accel=[3.088614 0.016759 9.317918]

alive uptime_ms=42737 page=0 KEY1=1 KEY2=1 bat=4180 soc=100 vin=5158 imu=1 accel=[3.072453 0.029928 9.326897]

alive uptime_ms=43747 page=0 KEY1=1 KEY2=1 bat=4180 soc=100 vin=5156 imu=1 accel=[3.067664 0.023942 9.310735]

alive uptime_ms=44758 page=0 KEY1=1 KEY2=1 bat=4180 soc=100 vin=5156 imu=1 accel=[3.070058 0.017957 9.302954]

alive uptime_ms=45768 page=0 KEY1=1 KEY2=1 bat=4180 soc=100 vin=5156 imu=1 accel=[3.080234 0.022745 9.287391]

alive uptime_ms=46779 page=0 KEY1=1 KEY2=1 bat=4182 soc=100 vin=5156 imu=1 accel=[3.070058 0.036512 9.317918]

alive uptime_ms=47790 page=0 KEY1=1 KEY2=1 bat=4178 soc=100 vin=5154 imu=1 accel=[3.065868 0.025738 9.302355]

alive uptime_ms=48800 page=0 KEY1=1 KEY2=1 bat=4176 soc=100 vin=5156 imu=1 accel=[3.071854 0.025139 9.317320]

alive uptime_ms=49811 page=0 KEY1=1 KEY2=1 bat=4182 soc=100 vin=5164 imu=1 accel=[3.074847 0.042498 9.300560]

alive uptime_ms=50821 page=0 KEY1=1 KEY2=1 bat=4178 soc=100 vin=5156 imu=1 accel=[3.081431 0.027534 9.315524]

alive uptime_ms=51832 page=0 KEY1=1 KEY2=1 bat=4180 soc=100 vin=5156 imu=1 accel=[3.067664 0.051476 9.294574]

alive uptime_ms=52843 page=0 KEY1=1 KEY2=1 bat=4180 soc=100 vin=5156 imu=1 accel=[3.076044 0.024541 9.308341]

alive uptime_ms=53853 page=0 KEY1=1 KEY2=1 bat=4180 soc=100 vin=5156 imu=1 accel=[3.081431 0.028731 9.307743]

alive uptime_ms=54864 page=0 KEY1=1 KEY2=1 bat=4180 soc=100 vin=5156 imu=1 accel=[3.071255 0.028731 9.303553]

alive uptime_ms=55874 page=0 KEY1=1 KEY2=1 bat=4180 soc=100 vin=5156 imu=1 accel=[3.074248 0.035315 9.317320]

alive uptime_ms=56885 page=0 KEY1=1 KEY2=1 bat=4178 soc=100 vin=5158 imu=1 accel=[3.078438 0.037111 9.310137]

alive uptime_ms=57896 page=0 KEY1=1 KEY2=1 bat=4176 soc=100 vin=5158 imu=1 accel=[3.085022 0.044294 9.320911]

alive uptime_ms=58906 page=0 KEY1=1 KEY2=1 bat=4180 soc=100 vin=5156 imu=1 accel=[3.079037 0.038906 9.311334]

[monitor captured 10989 chars; last 0.0s silent]

================================================================================
4. MY PATCH v2, COMPLETE, against the corrected harness. 100 cycles, 20 TX-starved,
   27 graceful STOPs, all 27 draining a tail block, slab flat, canary clean.
================================================================================
*** Booting Zephyr OS build v4.4.0 ***

M5StickS3 Zephyr validation app

Board: m5stack_sticks3

[00:00:00.325,000] <inf> gfx: Pixel format RGB_565 (high byte first)

[00:00:00.325,000] <inf> gfx: Display ready (135x240)

[00:00:00.402,000] <inf> audio: audio_init OK (16 kHz/16-bit, amp off)


=== I2S stress: 100 cycles, TX starved every 5, graceful STOP every 3 ===

slab : free blocks per direction, read BEFORE each cycle. It must stay

       at 8. Falling means the driver is losing the DMA's in-flight

       block on every DROP; rising above 8 means a block was freed

       twice and the free list has a cycle in it.

starve: TX is left to run dry, which drives the driver down its

       tx_disable path -- one of the two places the leak fix could

       double-free.

STOP  : the other one. I2S_TRIGGER_STOP is the only trigger that reaches

       I2S_STATE_STOPPING -- DROP goes straight to READY -- and that is

       where the RX callback hands its block to the queue while still

       pointing at it. A DROP-only stress cannot see that path at all.


  stress   1: slab tx=8 rx=8

    c1.reset     tx=8 rx=8

    c1.configure tx=8 rx=8

    c1.prequeue  tx=8 rx=8

    c1.start     tx=6 rx=8

    c1.io        tx=6 rx=7

    c1.drop      tx=6 rx=7

    c1.dropped   tx=8 rx=8

    c1.canary  stamped 8 free rx blocks, waited 50 ms, 0 came back written to

  stress   2: slab tx=8 rx=8

    c2.reset     tx=8 rx=8

    c2.configure tx=8 rx=8

    c2.prequeue  tx=8 rx=8

    c2.start     tx=6 rx=8

    c2.io        tx=6 rx=7

    c2.drop      tx=6 rx=7

    c2.dropped   tx=8 rx=8

    c2.canary  stamped 8 free rx blocks, waited 50 ms, 0 came back written to

  stress   3: slab tx=8 rx=8   graceful STOP + tail read

    c3.reset     tx=8 rx=8

    c3.configure tx=8 rx=8

    c3.prequeue  tx=8 rx=8

    c3.start     tx=6 rx=8

    c3.io        tx=6 rx=7

    c3.stop      tx=6 rx=7

    c3.stopped   tx=7 rx=7

    c3.tail-read tx=7 rx=7

    c3.tail-done tx=7 rx=8

             STOP drained 1 tail block

    c3.drop      tx=7 rx=8

    c3.dropped   tx=8 rx=8

  stress   4: slab tx=8 rx=8

  stress   5: slab tx=8 rx=8   TX starved on purpose

  stress   6: slab tx=8 rx=8   graceful STOP + tail read

             STOP drained 1 tail block

  stress   7: slab tx=8 rx=8

  stress   8: slab tx=8 rx=8

  stress   9: slab tx=8 rx=8   graceful STOP + tail read

             STOP drained 1 tail block

  stress  10: slab tx=8 rx=8   TX starved on purpose

  stress  12: slab tx=8 rx=8   graceful STOP + tail read

  stress  15: slab tx=8 rx=8   TX starved on purpose

  stress  18: slab tx=8 rx=8   graceful STOP + tail read

  stress  20: slab tx=8 rx=8   TX starved on purpose

  stress  21: slab tx=8 rx=8   graceful STOP + tail read

  stress  24: slab tx=8 rx=8   graceful STOP + tail read

  stress  25: slab tx=8 rx=8   TX starved on purpose

  stress  27: slab tx=8 rx=8   graceful STOP + tail read

  stress  30: slab tx=8 rx=8   TX starved on purpose

  stress  33: slab tx=8 rx=8   graceful STOP + tail read

  stress  35: slab tx=8 rx=8   TX starved on purpose

  stress  36: slab tx=8 rx=8   graceful STOP + tail read

  stress  39: slab tx=8 rx=8   graceful STOP + tail read

  stress  40: slab tx=8 rx=8   TX starved on purpose

  stress  42: slab tx=8 rx=8   graceful STOP + tail read

  stress  45: slab tx=8 rx=8   TX starved on purpose

  stress  48: slab tx=8 rx=8   graceful STOP + tail read

  stress  50: slab tx=8 rx=8   TX starved on purpose

  stress  51: slab tx=8 rx=8   graceful STOP + tail read

  stress  54: slab tx=8 rx=8   graceful STOP + tail read

  stress  55: slab tx=8 rx=8   TX starved on purpose

  stress  57: slab tx=8 rx=8   graceful STOP + tail read

  stress  60: slab tx=8 rx=8   TX starved on purpose

  stress  63: slab tx=8 rx=8   graceful STOP + tail read

  stress  65: slab tx=8 rx=8   TX starved on purpose

  stress  66: slab tx=8 rx=8   graceful STOP + tail read

  stress  69: slab tx=8 rx=8   graceful STOP + tail read

  stress  70: slab tx=8 rx=8   TX starved on purpose

  stress  72: slab tx=8 rx=8   graceful STOP + tail read

  stress  75: slab tx=8 rx=8   TX starved on purpose

  stress  78: slab tx=8 rx=8   graceful STOP + tail read

  stress  80: slab tx=8 rx=8   TX starved on purpose

  stress  81: slab tx=8 rx=8   graceful STOP + tail read

  stress  84: slab tx=8 rx=8   graceful STOP + tail read

  stress  85: slab tx=8 rx=8   TX starved on purpose

  stress  87: slab tx=8 rx=8   graceful STOP + tail read

  stress  90: slab tx=8 rx=8   TX starved on purpose

  stress  93: slab tx=8 rx=8   graceful STOP + tail read

  stress  95: slab tx=8 rx=8   TX starved on purpose

  stress  96: slab tx=8 rx=8   graceful STOP + tail read

  stress  99: slab tx=8 rx=8   graceful STOP + tail read

  stress 100: slab tx=8 rx=8   TX starved on purpose


  final census: tx=8 rx=8 of 8


=== STRESS PASSED: 100 cycles -- 20 with TX starved on purpose, and 27 ended

    with a graceful I2S_TRIGGER_STOP instead of a DROP. All 27 of those

    drained a tail block (0 came back empty), the slab held 8/8 free the

    whole way, and the canary was clean. No leak; no block freed twice on

    the tx_disable path or on the STOPPING queue hand-off; and no stream

    stranded in STOPPING by a bit clock that stopped with TX. ===


*** I2S SLAB STRESS PASSED ***

alive uptime_ms=22688 page=0 KEY1=1 KEY2=1 bat=4180 soc=100 vin=5162 imu=1 accel=[3.561483 0.060455 9.159297]

alive uptime_ms=23738 page=0 KEY1=1 KEY2=1 bat=4178 soc=100 vin=5156 imu=1 accel=[3.556096 0.062849 9.122785]

alive uptime_ms=24749 page=0 KEY1=1 KEY2=1 bat=4176 soc=100 vin=5156 imu=1 accel=[3.580637 0.056864 9.141939]

alive uptime_ms=25759 page=0 KEY1=1 KEY2=1 bat=4178 soc=100 vin=5162 imu=1 accel=[3.568067 0.065842 9.145530]

alive uptime_ms=26770 page=0 KEY1=1 KEY2=1 bat=4180 soc=100 vin=5158 imu=1 accel=[3.559089 0.077813 9.120989]

alive uptime_ms=27780 page=0 KEY1=1 KEY2=1 bat=4178 soc=100 vin=5156 imu=1 accel=[3.574053 0.075419 9.131165]

alive uptime_ms=28791 page=0 KEY1=1 KEY2=1 bat=4186 soc=100 vin=5168 imu=1 accel=[3.583032 0.060455 9.125179]

alive uptime_ms=29802 page=0 KEY1=1 KEY2=1 bat=4182 soc=100 vin=5156 imu=1 accel=[3.439974 0.031125 9.126376]

alive uptime_ms=30812 page=0 KEY1=1 KEY2=1 bat=4178 soc=100 vin=5158 imu=1 accel=[3.573455 0.057462 9.157502]

alive uptime_ms=31823 page=0 KEY1=1 KEY2=1 bat=4178 soc=100 vin=5164 imu=1 accel=[3.611164 0.017358 9.132960]

alive uptime_ms=32833 page=0 KEY1=1 KEY2=1 bat=4180 soc=100 vin=5156 imu=1 accel=[3.550709 0.045491 9.141340]

alive uptime_ms=33844 page=0 KEY1=1 KEY2=1 bat=4178 soc=100 vin=5156 imu=1 accel=[3.596200 0.023344 9.076096]

alive uptime_ms=34855 page=0 KEY1=1 KEY2=1 bat=4178 soc=100 vin=5156 imu=1 accel=[3.566870 0.060455 9.098243]

alive uptime_ms=35865 page=0 KEY1=1 KEY2=1 bat=4184 soc=100 vin=5164 imu=1 accel=[3.592609 0.041301 9.109018]

alive uptime_ms=36876 page=0 KEY1=1 KEY2=1 bat=4180 soc=100 vin=5158 imu=1 accel=[3.572257 0.041301 9.154509]

alive uptime_ms=37886 page=0 KEY1=1 KEY2=1 bat=4180 soc=100 vin=5156 imu=1 accel=[3.574652 0.068835 9.115003]

alive uptime_ms=38897 page=0 KEY1=1 KEY2=1 bat=4182 soc=100 vin=5166 imu=1 accel=[3.475289 0.007781 9.152713]

alive uptime_ms=39908 page=0 KEY1=1 KEY2=1 bat=4182 soc=100 vin=5160 imu=1 accel=[3.556695 0.043096 9.161093]

alive uptime_ms=40918 page=0 KEY1=1 KEY2=1 bat=4178 soc=100 vin=5158 imu=1 accel=[3.547716 0.052674 9.150918]

alive uptime_ms=41929 page=0 KEY1=1 KEY2=1 bat=4176 soc=100 vin=5150 imu=1 accel=[3.559687 0.070631 9.171867]

alive uptime_ms=42939 page=0 KEY1=1 KEY2=1 bat=4176 soc=100 vin=5150 imu=1 accel=[3.598594 0.054469 9.022824]

alive uptime_ms=43950 page=0 KEY1=1 KEY2=1 bat=4182 soc=100 vin=5162 imu=1 accel=[3.590214 0.083799 9.095849]

alive uptime_ms=44961 page=0 KEY1=1 KEY2=1 bat=4178 soc=100 vin=5154 imu=1 accel=[3.587820 0.060455 9.097046]

alive uptime_ms=45971 page=0 KEY1=1 KEY2=1 bat=4176 soc=100 vin=5154 imu=1 accel=[3.550709 0.010175 9.123982]

alive uptime_ms=46982 page=0 KEY1=1 KEY2=1 bat=4178 soc=100 vin=5156 imu=1 accel=[3.550709 0.055068 9.137749]

alive uptime_ms=47992 page=0 KEY1=1 KEY2=1 bat=4182 soc=100 vin=5164 imu=1 accel=[3.569265 0.053871 9.140742]

alive uptime_ms=49003 page=0 KEY1=1 KEY2=1 bat=4180 soc=100 vin=5160 imu=1 accel=[3.583032 0.034716 9.084476]

alive uptime_ms=50014 page=0 KEY1=1 KEY2=1 bat=4178 soc=100 vin=5154 imu=1 accel=[3.574652 0.056265 9.095251]

alive uptime_ms=51024 page=0 KEY1=1 KEY2=1 bat=4178 soc=100 vin=5156 imu=1 accel=[3.595003 0.046089 9.124580]

alive uptime_ms=52035 page=0 KEY1=1 KEY2=1 bat=4178 soc=100 vin=5156 imu=1 accel=[3.560885 0.063448 9.147326]

alive uptime_ms=53045 page=0 KEY1=1 KEY2=1 bat=4178 soc=100 vin=5156 imu=1 accel=[3.517189 0.047885 9.201197]

alive uptime_ms=54056 page=0 KEY1=1 KEY2=1 bat=4178 soc=100 vin=5160 imu=1 accel=[3.568666 0.023942 9.119792]

alive uptime_ms=55067 page=0 KEY1=1 KEY2=1 bat=4180 soc=100 vin=5160 imu=1 accel=[3.532752 0.093376 9.094652]

alive uptime_ms=56077 page=0 KEY1=1 KEY2=1 bat=4180 soc=100 vin=5156 imu=1 accel=[3.569265 0.049681 9.149720]

alive uptime_ms=57088 page=0 KEY1=1 KEY2=1 bat=4180 soc=100 vin=5164 imu=1 accel=[3.563279 0.032921 9.153312]

alive uptime_ms=58098 page=0 KEY1=1 KEY2=1 bat=4178 soc=100 vin=5156 imu=1 accel=[3.592010 0.064046 9.095251]

alive uptime_ms=59109 page=0 KEY1=1 KEY2=1 bat=4178 soc=100 vin=5160 imu=1 accel=[3.564476 0.077813 9.150319]

alive uptime_ms=60120 page=0 KEY1=1 KEY2=1 bat=4178 soc=100 vin=5156 imu=1 accel=[3.577046 0.053871 9.131165]

alive uptime_ms=61130 page=0 KEY1=1 KEY2=1 bat=4180 soc=100 vin=5156 imu=1 accel=[3.526766 0.061652 9.180846]

alive uptime_ms=62141 page=0 KEY1=1 KEY2=1 bat=4176 soc=100 vin=5152 imu=1 accel=[3.569265 0.068835 9.138946]

alive uptime_ms=63151 page=0 KEY1=1 KEY2=1 bat=4182 soc=100 vin=5162 imu=1 accel=[3.560885 0.053272 9.170670]

alive uptime_ms=64162 page=0 KEY1=1 KEY2=1 bat=4180 soc=100 vin=5160 imu=1 accel=[3.568666 0.018555 9.099441]

alive uptime_ms=65173 page=0 KEY1=1 KEY2=1 bat=4186 soc=100 vin=5166 imu=1 accel=[3.526766 0.033519 9.191620]

alive uptime_ms=66183 page=0 KEY1=1 KEY2=1 bat=4180 soc=100 vin=5162 imu=1 accel=[3.583032 0.040702 9.104828]

alive uptime_ms=67194 page=0 KEY1=1 KEY2=1 bat=4180 soc=100 vin=5154 imu=1 accel=[3.505218 0.046089 9.216760]

alive uptime_ms=68204 page=0 KEY1=1 KEY2=1 bat=4180 soc=100 vin=5156 imu=1 accel=[3.580637 0.063448 9.138348]

alive uptime_ms=69215 page=0 KEY1=1 KEY2=1 bat=4182 soc=100 vin=5162 imu=1 accel=[3.541730 0.099362 9.073104]

alive uptime_ms=70226 page=0 KEY1=1 KEY2=1 bat=4180 soc=100 vin=5158 imu=1 accel=[3.583032 0.056265 9.112011]

alive uptime_ms=71236 page=0 KEY1=1 KEY2=1 bat=4182 soc=100 vin=5162 imu=1 accel=[3.580039 0.057462 9.132960]

alive uptime_ms=72247 page=0 KEY1=1 KEY2=1 bat=4180 soc=100 vin=5160 imu=1 accel=[3.563877 0.113728 9.132362]

alive uptime_ms=73257 page=0 KEY1=1 KEY2=1 bat=4178 soc=100 vin=5154 imu=1 accel=[3.585426 0.076018 9.101236]

alive uptime_ms=74268 page=0 KEY1=1 KEY2=1 bat=4184 soc=100 vin=5160 imu=1 accel=[3.580637 0.107143 9.129968]

alive uptime_ms=75279 page=0 KEY1=1 KEY2=1 bat=4182 soc=100 vin=5162 imu=1 accel=[3.602186 0.099362 9.142538]

alive uptime_ms=76289 page=0 KEY1=1 KEY2=1 bat=4184 soc=100 vin=5164 imu=1 accel=[3.529759 0.079011 9.188627]

alive uptime_ms=77300 page=0 KEY1=1 KEY2=1 bat=4180 soc=100 vin=5162 imu=1 accel=[3.492049 0.131685 9.242499]

alive uptime_ms=78310 page=0 KEY1=1 KEY2=1 bat=4178 soc=100 vin=5156 imu=1 accel=[3.538738 0.080806 9.159297]

alive uptime_ms=79321 page=0 KEY1=1 KEY2=1 bat=4180 soc=100 vin=5160 imu=1 accel=[3.547716 0.073623 9.169473]

alive uptime_ms=80332 page=0 KEY1=1 KEY2=1 bat=4182 soc=100 vin=5164 imu=1 accel=[3.541730 0.054469 9.150918]

alive uptime_ms=81342 page=0 KEY1=1 KEY2=1 bat=4184 soc=100 vin=5164 imu=1 accel=[3.545920 0.061652 9.176057]

alive uptime_ms=82353 page=0 KEY1=1 KEY2=1 bat=4178 soc=100 vin=5156 imu=1 accel=[3.541132 0.059258 9.171269]

alive uptime_ms=83363 page=0 KEY1=1 KEY2=1 bat=4184 soc=100 vin=5164 imu=1 accel=[3.570462 0.064046 9.158100]

alive uptime_ms=84374 page=0 KEY1=1 KEY2=1 bat=4178 soc=100 vin=5154 imu=1 accel=[3.553103 0.052075 9.161093]

alive uptime_ms=85385 page=0 KEY1=1 KEY2=1 bat=4176 soc=100 vin=5154 imu=1 accel=[3.556695 0.076018 9.146129]

alive uptime_ms=86395 page=0 KEY1=1 KEY2=1 bat=4178 soc=100 vin=5162 imu=1 accel=[3.572257 0.039505 9.136552]

alive uptime_ms=87406 page=0 KEY1=1 KEY2=1 bat=4180 soc=100 vin=5158 imu=1 accel=[3.680598 0.019154 9.125778]

alive uptime_ms=88416 page=0 KEY1=1 KEY2=1 bat=4178 soc=100 vin=5160 imu=1 accel=[3.550709 0.064645 9.151516]

alive uptime_ms=89427 page=0 KEY1=1 KEY2=1 bat=4180 soc=100 vin=5156 imu=1 accel=[3.573455 0.071229 9.154509]


[monitor captured 14929 chars; last 0.0s silent]
