ESP-ROM:esp32s3-20210327
Build:Mar 27 2021
rst:0x15 (USB_UART_CHIP_RESET),boot:0x8 (SPI_FAST_FLASH_BOOT)
Saved PC:0x4037657a
SPIWP:0xee
mode:DIO, clock div:1
load:0x3fc8f190,len:0x2b30
load:0x40374000,len:0xb180
load:0x50000000,len:0x24
SHA-256 comparison failed:
Calculated: d70d6999087fb920ddc0461b2d01270bd1eeeda4ac4b2582be516cba128c633e
Expected: 00000000e0220000000000000000000000000000000000000000000000000000
Attempting to boot anyway...
entry 0x403790f0
I (soc_init): ESP Simple boot
I (soc_init): compile time Aug  8 2026 22:06:37
W (soc_init): Unicore bootloader
I (soc_init): chip revision: v0.2
I (flash_init): Boot SPI Speed : 80MHz
I (flash_init): SPI Mode       : DIO
I (flash_init): SPI Flash Size : 8MB
I (boot): DRAM	: lma=00000020h vma=3fc8f190h size=02b30h ( 11056)
I (boot): IRAM	: lma=00002b58h vma=40374000h size=0b180h ( 45440)
I (boot): RTC_DATA	: lma=0000dce0h vma=50000000h size=00024h (    36)
I (boot): IROM	: lma=00010000h vma=42000000h size=052b0h ( 21168)
I (boot): DROM	: lma=00020000h vma=3c010000h size=01764h (  5988)
I (boot): libc heap size 332 kB.
I (cache): Instruction cache: size 16KB, 8Ways, cache line size 32Byte
I (spi_flash): detected chip: gd
I (spi_flash): flash io: dio
*** Booting Zephyr OS build 697b32395414 ***

=== esp32 gdma descriptor boundary (#115502 / PR #115507) ===
descriptors      = 16
bytes/descriptor = 4092
N                = 65472 bytes
N+1              = 65473 bytes
dma_config(N)    = 0  (expect 0)
dma_config(N+1)  = 0  (expect -22, -EINVAL)
RESULT: FAIL

